<html>
<body>
<pre>
<h1>µVision Build Log</h1>
<h2>Tool Versions:</h2>
IDE-Version: µVision V5.22.0.0
Copyright (C) 2016 ARM Ltd and ARM Germany GmbH. All rights reserved.
License Information: Zachary Asmussen, University of Colorado at Boulder, LIC=----
 
Tool Versions:
Toolchain:       MDK-Lite  Version: 5.22
Toolchain Path:  C:\Keil_v5\ARM\ARMCC\Bin
C Compiler:      Armcc.exe V5.06 update 4 (build 422)
Assembler:       Armasm.exe V5.06 update 4 (build 422)
Linker/Locator:  ArmLink.exe V5.06 update 4 (build 422)
Library Manager: ArmAr.exe V5.06 update 4 (build 422)
Hex Converter:   FromElf.exe V5.06 update 4 (build 422)
CPU DLL:         SARMCM3.DLL V5.22
Dialog DLL:      DARMCM1.DLL V1.15.0.0
Target DLL:      STLink\ST-LINKIII-KEIL_SWO.dll V2.0.18.0
Dialog DLL:      TARMCM1.DLL V1.11.0.0
 
<h2>Project:</h2>
C:\Users\zacas\OneDrive\Documents\Github\STM32L073_Firmware\STM32CUBEMX\REX-B\MDK-ARM\REX-B.uvprojx
Project File Date:  03/21/2017

<h2>Output:</h2>
*** Using Compiler 'V5.06 update 4 (build 422)', folder: 'C:\Keil_v5\ARM\ARMCC\Bin'
Build target 'REX-B'
compiling i2c.c...
compiling spi.c...
compiling gpio.c...
compiling stm32l0xx_it.c...
compiling usart.c...
compiling main.c...
compiling tim.c...
compiling stm32l0xx_hal_msp.c...
compiling dma.c...
compiling fatfs.c...
compiling user_diskio.c...
assembling startup_stm32l073xx.s...
compiling adc.c...
compiling stm32l0xx_hal_pwr.c...
compiling stm32l0xx_hal_rcc.c...
compiling stm32l0xx_hal_rcc_ex.c...
compiling stm32l0xx_hal_tim_ex.c...
compiling stm32l0xx_hal_cortex.c...
compiling stm32l0xx_hal_flash_ramfunc.c...
compiling stm32l0xx_hal_flash.c...
compiling stm32l0xx_hal_spi.c...
compiling stm32l0xx_hal_i2c.c...
compiling stm32l0xx_hal_tim.c...
compiling stm32l0xx_hal.c...
compiling stm32l0xx_hal_uart_ex.c...
compiling stm32l0xx_hal_i2c_ex.c...
compiling stm32l0xx_hal_dma.c...
compiling stm32l0xx_hal_gpio.c...
compiling stm32l0xx_hal_pwr_ex.c...
compiling stm32l0xx_hal_uart.c...
compiling stm32l0xx_hal_flash_ex.c...
compiling stm32l0xx_hal_adc_ex.c...
compiling stm32l0xx_hal_adc.c...
compiling system_stm32l0xx.c...
compiling ff_gen_drv.c...
compiling ff.c...
compiling diskio.c...
compiling syscall.c...
linking...
Program Size: Code=10604 RO-data=260 RW-data=36 ZI-data=1996  
"REX-B\REX-B.axf" - 0 Error(s), 0 Warning(s).

<h2>Software Packages used:</h2>

Package Vendor: ARM
                http://www.keil.com/pack/ARM.CMSIS.5.0.0.pack
                ARM::CMSIS:CORE:5.0.0
                CMSIS (Cortex Microcontroller Software Interface Standard)
   * Component: CORE Version: 5.0.0

<h2>Collection of Component include folders:</h2>
  C:\Users\zacas\OneDrive\Documents\Github\STM32L073_Firmware\STM32CUBEMX\REX-B\MDK-ARM\RTE\_REX-B
  C:\Keil_v5\ARM\PACK\ARM\CMSIS\5.0.0\CMSIS\Include
  C:\Keil_v5\ARM\PACK\Keil\STM32L0xx_DFP\1.6.0\Device\Include

<h2>Collection of Component Files used:</h2>

   * Component: ARM::CMSIS:CORE:5.0.0
Build Time Elapsed:  00:01:13
</pre>
</body>
</html>
