Component: ARM Compiler 5.06 update 4 (build 422) Tool: armlink [4d35d2]

==============================================================================

Section Cross References

    gpio.o(i.MX_GPIO_Init) refers to stm32l0xx_hal_gpio.o(i.HAL_GPIO_Init) for HAL_GPIO_Init
    gpio.o(i.MX_GPIO_Init) refers to stm32l0xx_hal_gpio.o(i.HAL_GPIO_WritePin) for HAL_GPIO_WritePin
    gpio.o(i.MX_GPIO_Init) refers to stm32l0xx_hal_cortex.o(i.HAL_NVIC_SetPriority) for HAL_NVIC_SetPriority
    gpio.o(i.MX_GPIO_Init) refers to stm32l0xx_hal_cortex.o(i.HAL_NVIC_EnableIRQ) for HAL_NVIC_EnableIRQ
    spi.o(i.HAL_SPI_MspDeInit) refers to stm32l0xx_hal_gpio.o(i.HAL_GPIO_DeInit) for HAL_GPIO_DeInit
    spi.o(i.HAL_SPI_MspInit) refers to stm32l0xx_hal_gpio.o(i.HAL_GPIO_Init) for HAL_GPIO_Init
    spi.o(i.MX_SPI1_Init) refers to stm32l0xx_hal_spi.o(i.HAL_SPI_Init) for HAL_SPI_Init
    spi.o(i.MX_SPI1_Init) refers to main.o(i.Error_Handler) for Error_Handler
    spi.o(i.MX_SPI1_Init) refers to spi.o(.bss) for .bss
    usart.o(i.HAL_UART_MspDeInit) refers to stm32l0xx_hal_gpio.o(i.HAL_GPIO_DeInit) for HAL_GPIO_DeInit
    usart.o(i.HAL_UART_MspDeInit) refers to stm32l0xx_hal_dma.o(i.HAL_DMA_DeInit) for HAL_DMA_DeInit
    usart.o(i.HAL_UART_MspInit) refers to stm32l0xx_hal_gpio.o(i.HAL_GPIO_Init) for HAL_GPIO_Init
    usart.o(i.HAL_UART_MspInit) refers to stm32l0xx_hal_dma.o(i.HAL_DMA_Init) for HAL_DMA_Init
    usart.o(i.HAL_UART_MspInit) refers to main.o(i.Error_Handler) for Error_Handler
    usart.o(i.HAL_UART_MspInit) refers to usart.o(.bss) for .bss
    usart.o(i.MX_USART1_UART_Init) refers to stm32l0xx_hal_uart.o(i.HAL_HalfDuplex_Init) for HAL_HalfDuplex_Init
    usart.o(i.MX_USART1_UART_Init) refers to main.o(i.Error_Handler) for Error_Handler
    usart.o(i.MX_USART1_UART_Init) refers to usart.o(.bss) for .bss
    usart.o(i.MX_USART2_UART_Init) refers to stm32l0xx_hal_uart.o(i.HAL_HalfDuplex_Init) for HAL_HalfDuplex_Init
    usart.o(i.MX_USART2_UART_Init) refers to main.o(i.Error_Handler) for Error_Handler
    usart.o(i.MX_USART2_UART_Init) refers to usart.o(.bss) for .bss
    main.o(i.SystemClock_Config) refers to stm32l0xx_hal_rcc.o(i.HAL_RCC_OscConfig) for HAL_RCC_OscConfig
    main.o(i.SystemClock_Config) refers to stm32l0xx_hal_rcc.o(i.HAL_RCC_ClockConfig) for HAL_RCC_ClockConfig
    main.o(i.SystemClock_Config) refers to stm32l0xx_hal_rcc_ex.o(i.HAL_RCCEx_PeriphCLKConfig) for HAL_RCCEx_PeriphCLKConfig
    main.o(i.SystemClock_Config) refers to stm32l0xx_hal_rcc.o(i.HAL_RCC_GetHCLKFreq) for HAL_RCC_GetHCLKFreq
    main.o(i.SystemClock_Config) refers to uidiv.o(.text) for __aeabi_uidivmod
    main.o(i.SystemClock_Config) refers to stm32l0xx_hal_cortex.o(i.HAL_SYSTICK_Config) for HAL_SYSTICK_Config
    main.o(i.SystemClock_Config) refers to stm32l0xx_hal_cortex.o(i.HAL_SYSTICK_CLKSourceConfig) for HAL_SYSTICK_CLKSourceConfig
    main.o(i.SystemClock_Config) refers to stm32l0xx_hal_cortex.o(i.HAL_NVIC_SetPriority) for HAL_NVIC_SetPriority
    main.o(i.main) refers to stm32l0xx_hal.o(i.HAL_Init) for HAL_Init
    main.o(i.main) refers to main.o(i.SystemClock_Config) for SystemClock_Config
    main.o(i.main) refers to gpio.o(i.MX_GPIO_Init) for MX_GPIO_Init
    main.o(i.main) refers to dma.o(i.MX_DMA_Init) for MX_DMA_Init
    main.o(i.main) refers to spi.o(i.MX_SPI1_Init) for MX_SPI1_Init
    main.o(i.main) refers to usart.o(i.MX_USART1_UART_Init) for MX_USART1_UART_Init
    main.o(i.main) refers to fatfs.o(i.MX_FATFS_Init) for MX_FATFS_Init
    main.o(i.main) refers to adc.o(i.MX_ADC_Init) for MX_ADC_Init
    main.o(i.main) refers to usart.o(i.MX_USART2_UART_Init) for MX_USART2_UART_Init
    main.o(i.main) refers to stm32l0xx_hal_cortex.o(i.HAL_NVIC_SetPriority) for HAL_NVIC_SetPriority
    main.o(i.main) refers to stm32l0xx_hal_cortex.o(i.HAL_NVIC_EnableIRQ) for HAL_NVIC_EnableIRQ
    main.o(i.main) refers to memcpya.o(.text) for __aeabi_memcpy4
    main.o(i.main) refers to stm32_adafruit_sd.o(i.BSP_SD_Init) for BSP_SD_Init
    main.o(i.main) refers to stm32_adafruit_sd.o(i.BSP_SD_GetCardInfo) for BSP_SD_GetCardInfo
    main.o(i.main) refers to ff_gen_drv.o(i.FATFS_LinkDriver) for FATFS_LinkDriver
    main.o(i.main) refers to ff.o(i.f_mount) for f_mount
    main.o(i.main) refers to ff.o(i.f_mkfs) for f_mkfs
    main.o(i.main) refers to ff.o(i.f_open) for f_open
    main.o(i.main) refers to ff.o(i.f_write) for f_write
    main.o(i.main) refers to ff.o(i.f_read) for f_read
    main.o(i.main) refers to ff.o(i.f_close) for f_close
    main.o(i.main) refers to stm32l0xx_hal_gpio.o(i.HAL_GPIO_WritePin) for HAL_GPIO_WritePin
    main.o(i.main) refers to main.o(.data) for .data
    main.o(i.main) refers to sd_diskio.o(.data) for SD_Driver
    main.o(i.main) refers to main.o(.bss) for .bss
    stm32l0xx_it.o(i.DMA1_Channel2_3_IRQHandler) refers to stm32l0xx_hal_dma.o(i.HAL_DMA_IRQHandler) for HAL_DMA_IRQHandler
    stm32l0xx_it.o(i.DMA1_Channel2_3_IRQHandler) refers to usart.o(.bss) for hdma_usart1_tx
[...]
    Removing stm32l0xx_hal_gpio.o(.revsh_text), (4 bytes).
    Removing stm32l0xx_hal_gpio.o(i.HAL_GPIO_EXTI_Callback), (2 bytes).
    Removing stm32l0xx_hal_gpio.o(i.HAL_GPIO_LockPin), (36 bytes).
    Removing stm32l0xx_hal_gpio.o(i.HAL_GPIO_ReadPin), (10 bytes).
    Removing stm32l0xx_hal_pwr_ex.o(.rev16_text), (4 bytes).
    Removing stm32l0xx_hal_pwr_ex.o(.revsh_text), (4 bytes).
    Removing stm32l0xx_hal_pwr_ex.o(i.HAL_PWREx_DisableFastWakeUp), (16 bytes).
    Removing stm32l0xx_hal_pwr_ex.o(i.HAL_PWREx_DisableLowPowerRunMode), (76 bytes).
    Removing stm32l0xx_hal_pwr_ex.o(i.HAL_PWREx_DisableUltraLowPower), (16 bytes).
    Removing stm32l0xx_hal_pwr_ex.o(i.HAL_PWREx_EnableFastWakeUp), (16 bytes).
    Removing stm32l0xx_hal_pwr_ex.o(i.HAL_PWREx_EnableLowPowerRunMode), (24 bytes).
    Removing stm32l0xx_hal_pwr_ex.o(i.HAL_PWREx_EnableUltraLowPower), (16 bytes).
    Removing stm32l0xx_hal_uart.o(.rev16_text), (4 bytes).
    Removing stm32l0xx_hal_uart.o(.revsh_text), (4 bytes).
    Removing stm32l0xx_hal_uart.o(i.HAL_HalfDuplex_EnableReceiver), (54 bytes).
    Removing stm32l0xx_hal_uart.o(i.HAL_HalfDuplex_EnableTransmitter), (54 bytes).
    Removing stm32l0xx_hal_uart.o(i.HAL_LIN_Init), (142 bytes).
    Removing stm32l0xx_hal_uart.o(i.HAL_LIN_SendBreak), (42 bytes).
    Removing stm32l0xx_hal_uart.o(i.HAL_MultiProcessor_DisableMuteMode), (46 bytes).
    Removing stm32l0xx_hal_uart.o(i.HAL_MultiProcessor_EnableMuteMode), (46 bytes).
    Removing stm32l0xx_hal_uart.o(i.HAL_MultiProcessor_EnterMuteMode), (12 bytes).
    Removing stm32l0xx_hal_uart.o(i.HAL_MultiProcessor_Init), (138 bytes).
    Removing stm32l0xx_hal_uart.o(i.HAL_UART_DMAPause), (60 bytes).
    Removing stm32l0xx_hal_uart.o(i.HAL_UART_DMAResume), (62 bytes).
    Removing stm32l0xx_hal_uart.o(i.HAL_UART_DMAStop), (56 bytes).
    Removing stm32l0xx_hal_uart.o(i.HAL_UART_DeInit), (62 bytes).
    Removing stm32l0xx_hal_uart.o(i.HAL_UART_ErrorCallback), (2 bytes).
    Removing stm32l0xx_hal_uart.o(i.HAL_UART_GetError), (4 bytes).
    Removing stm32l0xx_hal_uart.o(i.HAL_UART_GetState), (12 bytes).
    Removing stm32l0xx_hal_uart.o(i.HAL_UART_IRQHandler), (244 bytes).
    Removing stm32l0xx_hal_uart.o(i.HAL_UART_Init), (104 bytes).
    Removing stm32l0xx_hal_uart.o(i.HAL_UART_MspDeInit), (2 bytes).
    Removing stm32l0xx_hal_uart.o(i.HAL_UART_MspInit), (2 bytes).
    Removing stm32l0xx_hal_uart.o(i.HAL_UART_Receive), (216 bytes).
    Removing stm32l0xx_hal_uart.o(i.HAL_UART_Receive_DMA), (116 bytes).
    Removing stm32l0xx_hal_uart.o(i.HAL_UART_Receive_IT), (156 bytes).
    Removing stm32l0xx_hal_uart.o(i.HAL_UART_RxCpltCallback), (2 bytes).
    Removing stm32l0xx_hal_uart.o(i.HAL_UART_RxHalfCpltCallback), (2 bytes).
    Removing stm32l0xx_hal_uart.o(i.HAL_UART_Transmit), (160 bytes).
    Removing stm32l0xx_hal_uart.o(i.HAL_UART_Transmit_DMA), (124 bytes).
    Removing stm32l0xx_hal_uart.o(i.HAL_UART_Transmit_IT), (84 bytes).
    Removing stm32l0xx_hal_uart.o(i.HAL_UART_TxCpltCallback), (2 bytes).
    Removing stm32l0xx_hal_uart.o(i.HAL_UART_TxHalfCpltCallback), (2 bytes).
    Removing stm32l0xx_hal_uart.o(i.UART_DMAError), (36 bytes).
    Removing stm32l0xx_hal_uart.o(i.UART_DMAReceiveCplt), (42 bytes).
    Removing stm32l0xx_hal_uart.o(i.UART_DMARxHalfCplt), (10 bytes).
    Removing stm32l0xx_hal_uart.o(i.UART_DMATransmitCplt), (48 bytes).
    Removing stm32l0xx_hal_uart.o(i.UART_DMATxHalfCplt), (10 bytes).
    Removing stm32l0xx_hal_uart.o(i.UART_Receive_IT), (138 bytes).
    Removing stm32l0xx_hal_uart.o(i.UART_Transmit_IT), (102 bytes).
    Removing stm32l0xx_hal_flash_ex.o(.rev16_text), (4 bytes).
    Removing stm32l0xx_hal_flash_ex.o(.revsh_text), (4 bytes).
    Removing stm32l0xx_hal_flash_ex.o(i.FLASH_OB_PCROPSelectionConfig), (56 bytes).
    Removing stm32l0xx_hal_flash_ex.o(i.FLASH_OB_ProtectedSectorsConfig), (144 bytes).
    Removing stm32l0xx_hal_flash_ex.o(i.HAL_FLASHEx_AdvOBGetConfig), (40 bytes).
    Removing stm32l0xx_hal_flash_ex.o(i.HAL_FLASHEx_AdvOBProgram), (92 bytes).
    Removing stm32l0xx_hal_flash_ex.o(i.HAL_FLASHEx_DATAEEPROM_DisableFixedTimeProgram), (16 bytes).
    Removing stm32l0xx_hal_flash_ex.o(i.HAL_FLASHEx_DATAEEPROM_EnableFixedTimeProgram), (16 bytes).
    Removing stm32l0xx_hal_flash_ex.o(i.HAL_FLASHEx_DATAEEPROM_Erase), (40 bytes).
    Removing stm32l0xx_hal_flash_ex.o(i.HAL_FLASHEx_DATAEEPROM_Lock), (20 bytes).
    Removing stm32l0xx_hal_flash_ex.o(i.HAL_FLASHEx_DATAEEPROM_Program), (84 bytes).
    Removing stm32l0xx_hal_flash_ex.o(i.HAL_FLASHEx_DATAEEPROM_Unlock), (36 bytes).
    Removing stm32l0xx_hal_flash_ex.o(i.HAL_FLASHEx_Erase), (120 bytes).
    Removing stm32l0xx_hal_flash_ex.o(i.HAL_FLASHEx_Erase_IT), (88 bytes).
    Removing stm32l0xx_hal_flash_ex.o(i.HAL_FLASHEx_OBGetConfig), (52 bytes).
    Removing stm32l0xx_hal_flash_ex.o(i.HAL_FLASHEx_OBProgram), (284 bytes).
    Removing stm32l0xx_hal_flash_ex.o(i.HAL_FLASHEx_OB_DeSelectPCROP), (10 bytes).
    Removing stm32l0xx_hal_flash_ex.o(i.HAL_FLASHEx_OB_SelectPCROP), (10 bytes).
    Removing stm32l0xx_hal_adc.o(.rev16_text), (4 bytes).
    Removing stm32l0xx_hal_adc.o(.revsh_text), (4 bytes).
    Removing stm32l0xx_hal_adc.o(i.ADC_ConversionStop), (82 bytes).
    Removing stm32l0xx_hal_adc.o(i.ADC_DMAConvCplt), (108 bytes).
    Removing stm32l0xx_hal_adc.o(i.ADC_DMAError), (26 bytes).
    Removing stm32l0xx_hal_adc.o(i.ADC_DMAHalfConvCplt), (10 bytes).
    Removing stm32l0xx_hal_adc.o(i.ADC_Disable), (96 bytes).
    Removing stm32l0xx_hal_adc.o(i.ADC_Enable), (100 bytes).
    Removing stm32l0xx_hal_adc.o(i.HAL_ADC_AnalogWDGConfig), (156 bytes).
    Removing stm32l0xx_hal_adc.o(i.HAL_ADC_ConvCpltCallback), (2 bytes).
    Removing stm32l0xx_hal_adc.o(i.HAL_ADC_ConvHalfCpltCallback), (2 bytes).
    Removing stm32l0xx_hal_adc.o(i.HAL_ADC_DeInit), (180 bytes).
    Removing stm32l0xx_hal_adc.o(i.HAL_ADC_ErrorCallback), (2 bytes).
    Removing stm32l0xx_hal_adc.o(i.HAL_ADC_GetError), (4 bytes).
    Removing stm32l0xx_hal_adc.o(i.HAL_ADC_GetState), (4 bytes).
    Removing stm32l0xx_hal_adc.o(i.HAL_ADC_GetValue), (6 bytes).
    Removing stm32l0xx_hal_adc.o(i.HAL_ADC_IRQHandler), (208 bytes).
    Removing stm32l0xx_hal_adc.o(i.HAL_ADC_LevelOutOfWindowCallback), (2 bytes).
    Removing stm32l0xx_hal_adc.o(i.HAL_ADC_MspDeInit), (2 bytes).
    Removing stm32l0xx_hal_adc.o(i.HAL_ADC_MspInit), (2 bytes).
    Removing stm32l0xx_hal_adc.o(i.HAL_ADC_PollForConversion), (190 bytes).
    Removing stm32l0xx_hal_adc.o(i.HAL_ADC_PollForEvent), (116 bytes).
    Removing stm32l0xx_hal_adc.o(i.HAL_ADC_Start), (92 bytes).
    Removing stm32l0xx_hal_adc.o(i.HAL_ADC_Start_DMA), (160 bytes).
    Removing stm32l0xx_hal_adc.o(i.HAL_ADC_Start_IT), (124 bytes).
    Removing stm32l0xx_hal_adc.o(i.HAL_ADC_Stop), (62 bytes).
    Removing stm32l0xx_hal_adc.o(i.HAL_ADC_Stop_DMA), (112 bytes).
    Removing stm32l0xx_hal_adc.o(i.HAL_ADC_Stop_IT), (72 bytes).
    Removing stm32l0xx_hal_adc_ex.o(.rev16_text), (4 bytes).
    Removing stm32l0xx_hal_adc_ex.o(.revsh_text), (4 bytes).
    Removing stm32l0xx_hal_adc_ex.o(i.HAL_ADCEx_Calibration_GetValue), (12 bytes).
    Removing stm32l0xx_hal_adc_ex.o(i.HAL_ADCEx_Calibration_SetValue), (94 bytes).
    Removing stm32l0xx_hal_adc_ex.o(i.HAL_ADCEx_Calibration_Start), (142 bytes).
    Removing stm32l0xx_hal_adc_ex.o(i.HAL_ADCEx_DisableVREFINT), (16 bytes).
    Removing stm32l0xx_hal_adc_ex.o(i.HAL_ADCEx_DisableVREFINTTempSensor), (16 bytes).
    Removing stm32l0xx_hal_adc_ex.o(i.HAL_ADCEx_EnableVREFINT), (48 bytes).
    Removing stm32l0xx_hal_adc_ex.o(i.HAL_ADCEx_EnableVREFINTTempSensor), (48 bytes).
    Removing system_stm32l0xx.o(.rev16_text), (4 bytes).
    Removing system_stm32l0xx.o(.revsh_text), (4 bytes).
    Removing system_stm32l0xx.o(i.SystemCoreClockUpdate), (136 bytes).
    Removing ff_gen_drv.o(.rev16_text), (4 bytes).
    Removing ff_gen_drv.o(.revsh_text), (4 bytes).
    Removing ff_gen_drv.o(i.FATFS_GetAttachedDriversNbr), (12 bytes).
    Removing ff_gen_drv.o(i.FATFS_UnLinkDriver), (10 bytes).
    Removing ff_gen_drv.o(i.FATFS_UnLinkDriverEx), (52 bytes).
    Removing ff.o(.rev16_text), (4 bytes).
    Removing ff.o(.revsh_text), (4 bytes).
    Removing ff.o(i.dir_read), (104 bytes).
    Removing ff.o(i.dir_remove), (62 bytes).
    Removing ff.o(i.f_chmod), (88 bytes).
    Removing ff.o(i.f_closedir), (40 bytes).
    Removing ff.o(i.f_getfree), (244 bytes).
    Removing ff.o(i.f_gets), (72 bytes).
    Removing ff.o(i.f_lseek), (610 bytes).
    Removing ff.o(i.f_mkdir), (366 bytes).
    Removing ff.o(i.f_opendir), (146 bytes).
    Removing ff.o(i.f_printf), (488 bytes).
    Removing ff.o(i.f_putc), (62 bytes).
    Removing ff.o(i.f_puts), (72 bytes).
    Removing ff.o(i.f_readdir), (86 bytes).
    Removing ff.o(i.f_rename), (294 bytes).
    Removing ff.o(i.f_stat), (68 bytes).
    Removing ff.o(i.f_truncate), (200 bytes).
    Removing ff.o(i.f_unlink), (182 bytes).
    Removing ff.o(i.f_utime), (92 bytes).
    Removing ff.o(i.get_fileinfo), (102 bytes).
    Removing ff.o(i.putc_bfd), (70 bytes).
    Removing diskio.o(.rev16_text), (4 bytes).
    Removing diskio.o(.revsh_text), (4 bytes).
    Removing diskio.o(i.get_fattime), (4 bytes).
    Removing syscall.o(.rev16_text), (4 bytes).
    Removing syscall.o(.revsh_text), (4 bytes).

419 unused section(s) (total 29516 bytes) removed from the image.

==============================================================================

Image Symbol Table

    Local Symbols

    Symbol Name                              Value     Ov Type        Size  Object(Section)

    ../Drivers/STM32L0xx_HAL_Driver/Src/stm32l0xx_hal.c 0x00000000   Number         0  stm32l0xx_hal.o ABSOLUTE
    ../Drivers/STM32L0xx_HAL_Driver/Src/stm32l0xx_hal_adc.c 0x00000000   Number         0  stm32l0xx_hal_adc.o ABSOLUTE
    ../Drivers/STM32L0xx_HAL_Driver/Src/stm32l0xx_hal_adc_ex.c 0x00000000   Number         0  stm32l0xx_hal_adc_ex.o ABSOLUTE
    ../Drivers/STM32L0xx_HAL_Driver/Src/stm32l0xx_hal_cortex.c 0x00000000   Number         0  stm32l0xx_hal_cortex.o ABSOLUTE
    ../Drivers/STM32L0xx_HAL_Driver/Src/stm32l0xx_hal_dma.c 0x00000000   Number         0  stm32l0xx_hal_dma.o ABSOLUTE
    ../Drivers/STM32L0xx_HAL_Driver/Src/stm32l0xx_hal_flash.c 0x00000000   Number         0  stm32l0xx_hal_flash.o ABSOLUTE
    ../Drivers/STM32L0xx_HAL_Driver/Src/stm32l0xx_hal_flash_ex.c 0x00000000   Number         0  stm32l0xx_hal_flash_ex.o ABSOLUTE
    ../Drivers/STM32L0xx_HAL_Driver/Src/stm32l0xx_hal_flash_ramfunc.c 0x00000000   Number         0  stm32l0xx_hal_flash_ramfunc.o ABSOLUTE
    ../Drivers/STM32L0xx_HAL_Driver/Src/stm32l0xx_hal_gpio.c 0x00000000   Number         0  stm32l0xx_hal_gpio.o ABSOLUTE
    ../Drivers/STM32L0xx_HAL_Driver/Src/stm32l0xx_hal_i2c.c 0x00000000   Number         0  stm32l0xx_hal_i2c.o ABSOLUTE
    ../Drivers/STM32L0xx_HAL_Driver/Src/stm32l0xx_hal_i2c_ex.c 0x00000000   Number         0  stm32l0xx_hal_i2c_ex.o ABSOLUTE
    ../Drivers/STM32L0xx_HAL_Driver/Src/stm32l0xx_hal_pwr.c 0x00000000   Number         0  stm32l0xx_hal_pwr.o ABSOLUTE
    ../Drivers/STM32L0xx_HAL_Driver/Src/stm32l0xx_hal_pwr_ex.c 0x00000000   Number         0  stm32l0xx_hal_pwr_ex.o ABSOLUTE
    ../Drivers/STM32L0xx_HAL_Driver/Src/stm32l0xx_hal_rcc.c 0x00000000   Number         0  stm32l0xx_hal_rcc.o ABSOLUTE
    ../Drivers/STM32L0xx_HAL_Driver/Src/stm32l0xx_hal_rcc_ex.c 0x00000000   Number         0  stm32l0xx_hal_rcc_ex.o ABSOLUTE
    ../Drivers/STM32L0xx_HAL_Driver/Src/stm32l0xx_hal_spi.c 0x00000000   Number         0  stm32l0xx_hal_spi.o ABSOLUTE
    ../Drivers/STM32L0xx_HAL_Driver/Src/stm32l0xx_hal_tim.c 0x00000000   Number         0  stm32l0xx_hal_tim.o ABSOLUTE
    ../Drivers/STM32L0xx_HAL_Driver/Src/stm32l0xx_hal_tim_ex.c 0x00000000   Number         0  stm32l0xx_hal_tim_ex.o ABSOLUTE
    ../Drivers/STM32L0xx_HAL_Driver/Src/stm32l0xx_hal_uart.c 0x00000000   Number         0  stm32l0xx_hal_uart.o ABSOLUTE
    ../Drivers/STM32L0xx_HAL_Driver/Src/stm32l0xx_hal_uart_ex.c 0x00000000   Number         0  stm32l0xx_hal_uart_ex.o ABSOLUTE
    ../Middlewares/Third_Party/FatFs/src/diskio.c 0x00000000   Number         0  diskio.o ABSOLUTE
    ../Middlewares/Third_Party/FatFs/src/ff.c 0x00000000   Number         0  ff.o ABSOLUTE
    ../Middlewares/Third_Party/FatFs/src/ff_gen_drv.c 0x00000000   Number         0  ff_gen_drv.o ABSOLUTE
    ../Middlewares/Third_Party/FatFs/src/option/syscall.c 0x00000000   Number         0  syscall.o ABSOLUTE
    ../Src/adc.c                             0x00000000   Number         0  adc.o ABSOLUTE
    ../Src/dma.c                             0x00000000   Number         0  dma.o ABSOLUTE
    ../Src/fatfs.c                           0x00000000   Number         0  fatfs.o ABSOLUTE
    ../Src/gpio.c                            0x00000000   Number         0  gpio.o ABSOLUTE
    ../Src/main.c                            0x00000000   Number         0  main.o ABSOLUTE
    ../Src/spi.c                             0x00000000   Number         0  spi.o ABSOLUTE
    ../Src/stm32l0xx_hal_msp.c               0x00000000   Number         0  stm32l0xx_hal_msp.o ABSOLUTE
    ../Src/stm32l0xx_it.c                    0x00000000   Number         0  stm32l0xx_it.o ABSOLUTE
    ../Src/system_stm32l0xx.c                0x00000000   Number         0  system_stm32l0xx.o ABSOLUTE
    ../Src/usart.c                           0x00000000   Number         0  usart.o ABSOLUTE
    ../Src/user_diskio.c                     0x00000000   Number         0  user_diskio.o ABSOLUTE
    ../clib/microlib/division.c              0x00000000   Number         0  uidiv.o ABSOLUTE
    ../clib/microlib/init/entry.s            0x00000000   Number         0  entry5.o ABSOLUTE
    ../clib/microlib/init/entry.s            0x00000000   Number         0  entry2.o ABSOLUTE
    ../clib/microlib/init/entry.s            0x00000000   Number         0  entry11b.o ABSOLUTE
    ../clib/microlib/init/entry.s            0x00000000   Number         0  entry9a.o ABSOLUTE
    ../clib/microlib/init/entry.s            0x00000000   Number         0  entry7a.o ABSOLUTE
    ../clib/microlib/init/entry.s            0x00000000   Number         0  entry11a.o ABSOLUTE
    ../clib/microlib/init/entry.s            0x00000000   Number         0  entry10b.o ABSOLUTE
    ../clib/microlib/init/entry.s            0x00000000   Number         0  entry8a.o ABSOLUTE
    ../clib/microlib/init/entry.s            0x00000000   Number         0  entry10a.o ABSOLUTE
    ../clib/microlib/init/entry.s            0x00000000   Number         0  entry9b.o ABSOLUTE
    ../clib/microlib/init/entry.s            0x00000000   Number         0  entry8b.o ABSOLUTE
    ../clib/microlib/init/entry.s            0x00000000   Number         0  entry7b.o ABSOLUTE
    ../clib/microlib/init/entry.s            0x00000000   Number         0  entry.o ABSOLUTE
    ../clib/microlib/longlong.c              0x00000000   Number         0  llshl.o ABSOLUTE
    ../clib/microlib/longlong.c              0x00000000   Number         0  llushr.o ABSOLUTE
    ../clib/microlib/longlong.c              0x00000000   Number         0  llsshr.o ABSOLUTE
    ../clib/microlib/malloc/malloc.c         0x00000000   Number         0  malloc.o ABSOLUTE
    ../clib/microlib/malloc/malloc.c         0x00000000   Number         0  mallocra.o ABSOLUTE
    ../clib/microlib/malloc/malloc.c         0x00000000   Number         0  malloca.o ABSOLUTE
    ../clib/microlib/malloc/malloc.c         0x00000000   Number         0  mallocr.o ABSOLUTE
    ../clib/microlib/malloc/mvars.c          0x00000000   Number         0  mvars.o ABSOLUTE
    ../clib/microlib/string/memcpy.c         0x00000000   Number         0  memcpyb.o ABSOLUTE
    ../clib/microlib/string/memcpy.c         0x00000000   Number         0  memcpya.o ABSOLUTE
    ../clib/microlib/string/memset.c         0x00000000   Number         0  memseta.o ABSOLUTE
    ../clib/microlib/stubs.s                 0x00000000   Number         0  iusefp.o ABSOLUTE
    ../clib/microlib/unhosted.c              0x00000000   Number         0  uread4.o ABSOLUTE
    ../fplib/microlib/fpadd.c                0x00000000   Number         0  dadd.o ABSOLUTE
    ../fplib/microlib/fpdiv.c                0x00000000   Number         0  ddiv.o ABSOLUTE
    ../fplib/microlib/fpepilogue.c           0x00000000   Number         0  depilogue.o ABSOLUTE
    ../fplib/microlib/fpfix.c                0x00000000   Number         0  dfixui.o ABSOLUTE
    ../fplib/microlib/fpflt.c                0x00000000   Number         0  dfltui.o ABSOLUTE
    ../fplib/microlib/fpflt.c                0x00000000   Number         0  dfltul.o ABSOLUTE
    ../fplib/microlib/fpscalb.c              0x00000000   Number         0  dscalb.o ABSOLUTE
    ..\Drivers\STM32L0xx_HAL_Driver\Src\stm32l0xx_hal.c 0x00000000   Number         0  stm32l0xx_hal.o ABSOLUTE
    ..\Drivers\STM32L0xx_HAL_Driver\Src\stm32l0xx_hal_adc.c 0x00000000   Number         0  stm32l0xx_hal_adc.o ABSOLUTE
    ..\Drivers\STM32L0xx_HAL_Driver\Src\stm32l0xx_hal_adc_ex.c 0x00000000   Number         0  stm32l0xx_hal_adc_ex.o ABSOLUTE
    ..\Drivers\STM32L0xx_HAL_Driver\Src\stm32l0xx_hal_cortex.c 0x00000000   Number         0  stm32l0xx_hal_cortex.o ABSOLUTE
    ..\Drivers\STM32L0xx_HAL_Driver\Src\stm32l0xx_hal_dma.c 0x00000000   Number         0  stm32l0xx_hal_dma.o ABSOLUTE
    ..\Drivers\STM32L0xx_HAL_Driver\Src\stm32l0xx_hal_flash.c 0x00000000   Number         0  stm32l0xx_hal_flash.o ABSOLUTE
    ..\Drivers\STM32L0xx_HAL_Driver\Src\stm32l0xx_hal_flash_ex.c 0x00000000   Number         0  stm32l0xx_hal_flash_ex.o ABSOLUTE
    ..\Drivers\STM32L0xx_HAL_Driver\Src\stm32l0xx_hal_flash_ramfunc.c 0x00000000   Number         0  stm32l0xx_hal_flash_ramfunc.o ABSOLUTE
    ..\Drivers\STM32L0xx_HAL_Driver\Src\stm32l0xx_hal_gpio.c 0x00000000   Number         0  stm32l0xx_hal_gpio.o ABSOLUTE
    ..\Drivers\STM32L0xx_HAL_Driver\Src\stm32l0xx_hal_i2c.c 0x00000000   Number         0  stm32l0xx_hal_i2c.o ABSOLUTE
    ..\Drivers\STM32L0xx_HAL_Driver\Src\stm32l0xx_hal_i2c_ex.c 0x00000000   Number         0  stm32l0xx_hal_i2c_ex.o ABSOLUTE
    ..\Drivers\STM32L0xx_HAL_Driver\Src\stm32l0xx_hal_pwr.c 0x00000000   Number         0  stm32l0xx_hal_pwr.o ABSOLUTE
    ..\Drivers\STM32L0xx_HAL_Driver\Src\stm32l0xx_hal_pwr_ex.c 0x00000000   Number         0  stm32l0xx_hal_pwr_ex.o ABSOLUTE
    ..\Drivers\STM32L0xx_HAL_Driver\Src\stm32l0xx_hal_rcc.c 0x00000000   Number         0  stm32l0xx_hal_rcc.o ABSOLUTE
    ..\Drivers\STM32L0xx_HAL_Driver\Src\stm32l0xx_hal_rcc_ex.c 0x00000000   Number         0  stm32l0xx_hal_rcc_ex.o ABSOLUTE
    ..\Drivers\STM32L0xx_HAL_Driver\Src\stm32l0xx_hal_spi.c 0x00000000   Number         0  stm32l0xx_hal_spi.o ABSOLUTE
    ..\Drivers\STM32L0xx_HAL_Driver\Src\stm32l0xx_hal_tim.c 0x00000000   Number         0  stm32l0xx_hal_tim.o ABSOLUTE
    ..\Drivers\STM32L0xx_HAL_Driver\Src\stm32l0xx_hal_tim_ex.c 0x00000000   Number         0  stm32l0xx_hal_tim_ex.o ABSOLUTE
    ..\Drivers\STM32L0xx_HAL_Driver\Src\stm32l0xx_hal_uart.c 0x00000000   Number         0  stm32l0xx_hal_uart.o ABSOLUTE
    ..\Drivers\STM32L0xx_HAL_Driver\Src\stm32l0xx_hal_uart_ex.c 0x00000000   Number         0  stm32l0xx_hal_uart_ex.o ABSOLUTE
    ..\Middlewares\Third_Party\FatFs\src\diskio.c 0x00000000   Number         0  diskio.o ABSOLUTE
    ..\Middlewares\Third_Party\FatFs\src\ff.c 0x00000000   Number         0  ff.o ABSOLUTE
    ..\Middlewares\Third_Party\FatFs\src\ff_gen_drv.c 0x00000000   Number         0  ff_gen_drv.o ABSOLUTE
    ..\Middlewares\Third_Party\FatFs\src\option\syscall.c 0x00000000   Number         0  syscall.o ABSOLUTE
    ..\Src\User_Functions.c                  0x00000000   Number         0  user_functions.o ABSOLUTE
    ..\Src\adc.c                             0x00000000   Number         0  adc.o ABSOLUTE
    ..\Src\dma.c                             0x00000000   Number         0  dma.o ABSOLUTE
    ..\Src\fatfs.c                           0x00000000   Number         0  fatfs.o ABSOLUTE
    ..\Src\gpio.c                            0x00000000   Number         0  gpio.o ABSOLUTE
    ..\Src\main.c                            0x00000000   Number         0  main.o ABSOLUTE
    ..\Src\sd_diskio.c                       0x00000000   Number         0  sd_diskio.o ABSOLUTE
    ..\Src\spi.c                             0x00000000   Number         0  spi.o ABSOLUTE
    ..\Src\stm32_adafruit_sd.c               0x00000000   Number         0  stm32_adafruit_sd.o ABSOLUTE
    ..\Src\stm32l0xx_hal_msp.c               0x00000000   Number         0  stm32l0xx_hal_msp.o ABSOLUTE
    ..\Src\stm32l0xx_it.c                    0x00000000   Number         0  stm32l0xx_it.o ABSOLUTE
    ..\Src\stm32l0xx_nucleo.c                0x00000000   Number         0  stm32l0xx_nucleo.o ABSOLUTE
    ..\Src\system_stm32l0xx.c                0x00000000   Number         0  system_stm32l0xx.o ABSOLUTE
    ..\Src\usart.c                           0x00000000   Number         0  usart.o ABSOLUTE
    ..\Src\user_diskio.c                     0x00000000   Number         0  user_diskio.o ABSOLUTE
    ..\\Src\\User_Functions.c                0x00000000   Number         0  user_functions.o ABSOLUTE
    ..\\Src\\sd_diskio.c                     0x00000000   Number         0  sd_diskio.o ABSOLUTE
    ..\\Src\\stm32l0xx_nucleo.c              0x00000000   Number         0  stm32l0xx_nucleo.o ABSOLUTE
    dc.s                                     0x00000000   Number         0  dc.o ABSOLUTE
    handlers.s                               0x00000000   Number         0  handlers.o ABSOLUTE
    init.s                                   0x00000000   Number         0  init.o ABSOLUTE
    startup_stm32l073xx.s                    0x00000000   Number         0  startup_stm32l073xx.o ABSOLUTE
    RESET                                    0x08000000   Section      192  startup_stm32l073xx.o(RESET)
    .ARM.Collect$$$$00000000                 0x080000c0   Section        0  entry.o(.ARM.Collect$$$$00000000)
    .ARM.Collect$$$$00000001                 0x080000c0   Section        4  entry2.o(.ARM.Collect$$$$00000001)
    .ARM.Collect$$$$00000004                 0x080000c4   Section        4  entry5.o(.ARM.Collect$$$$00000004)
    .ARM.Collect$$$$00000008                 0x080000c8   Section        0  entry7b.o(.ARM.Collect$$$$00000008)
    .ARM.Collect$$$$0000000A                 0x080000c8   Section        0  entry8b.o(.ARM.Collect$$$$0000000A)
    .ARM.Collect$$$$0000000B                 0x080000c8   Section        8  entry9a.o(.ARM.Collect$$$$0000000B)
    .ARM.Collect$$$$0000000D                 0x080000d0   Section        0  entry10a.o(.ARM.Collect$$$$0000000D)
    .ARM.Collect$$$$0000000F                 0x080000d0   Section        0  entry11a.o(.ARM.Collect$$$$0000000F)
    .ARM.Collect$$$$00002712                 0x080000d0   Section        4  entry2.o(.ARM.Collect$$$$00002712)
    __lit__00000000                          0x080000d0   Data           4  entry2.o(.ARM.Collect$$$$00002712)
    .text                                    0x080000d4   Section       28  startup_stm32l073xx.o(.text)
    .text                                    0x080000f0   Section        0  uidiv.o(.text)
    .text                                    0x0800011c   Section        0  memcpya.o(.text)
    .text                                    0x08000140   Section        0  memseta.o(.text)
    .text                                    0x08000164   Section        0  uread4.o(.text)
    .text                                    0x08000178   Section        0  dadd.o(.text)
    .text                                    0x080002dc   Section        0  ddiv.o(.text)
    .text                                    0x080003cc   Section        0  dscalb.o(.text)
    .text                                    0x080003f8   Section        0  dfltui.o(.text)
    .text                                    0x08000414   Section        0  dfltul.o(.text)
    .text                                    0x08000430   Section        0  dfixui.o(.text)
    .text                                    0x0800046c   Section        0  llshl.o(.text)
    .text                                    0x0800048c   Section        0  llushr.o(.text)
    .text                                    0x080004ae   Section        0  llsshr.o(.text)
    .text                                    0x080004d4   Section        0  depilogue.o(.text)
    .text                                    0x080004d4   Section        0  iusefp.o(.text)
    .text                                    0x08000594   Section       36  init.o(.text)
    i.ADC_DelayMicroSecond                   0x080005b8   Section        0  stm32l0xx_hal_adc.o(i.ADC_DelayMicroSecond)
    ADC_DelayMicroSecond                     0x080005b9   Thumb Code    28  stm32l0xx_hal_adc.o(i.ADC_DelayMicroSecond)
    i.BSP_SD_GetCardInfo                     0x080005dc   Section        0  stm32_adafruit_sd.o(i.BSP_SD_GetCardInfo)
    i.BSP_SD_GetStatus                       0x08000634   Section        0  stm32_adafruit_sd.o(i.BSP_SD_GetStatus)
    i.BSP_SD_Init                            0x08000674   Section        0  stm32_adafruit_sd.o(i.BSP_SD_Init)
    i.BSP_SD_ReadBlocks                      0x0800068c   Section        0  stm32_adafruit_sd.o(i.BSP_SD_ReadBlocks)
    i.BSP_SD_WriteBlocks                     0x08000768   Section        0  stm32_adafruit_sd.o(i.BSP_SD_WriteBlocks)
    i.DMA1_Channel2_3_IRQHandler             0x08000870   Section        0  stm32l0xx_it.o(i.DMA1_Channel2_3_IRQHandler)
    i.EXTI4_15_IRQHandler                    0x08000880   Section        0  stm32l0xx_it.o(i.EXTI4_15_IRQHandler)
    i.Error_Handler                          0x0800089c   Section        0  main.o(i.Error_Handler)
    i.FATFS_LinkDriver                       0x0800089e   Section        0  ff_gen_drv.o(i.FATFS_LinkDriver)
    i.FATFS_LinkDriverEx                     0x080008a8   Section        0  ff_gen_drv.o(i.FATFS_LinkDriverEx)
    i.HAL_ADC_ConfigChannel                  0x080008e8   Section        0  stm32l0xx_hal_adc.o(i.HAL_ADC_ConfigChannel)
    i.HAL_ADC_Init                           0x080009a0   Section        0  stm32l0xx_hal_adc.o(i.HAL_ADC_Init)
    i.HAL_ADC_MspInit                        0x08000b64   Section        0  adc.o(i.HAL_ADC_MspInit)
    i.HAL_DMA_IRQHandler                     0x08000bc0   Section        0  stm32l0xx_hal_dma.o(i.HAL_DMA_IRQHandler)
    i.HAL_DMA_Init                           0x08000e40   Section        0  stm32l0xx_hal_dma.o(i.HAL_DMA_Init)
    i.HAL_Delay                              0x08000f48   Section        0  stm32l0xx_hal.o(i.HAL_Delay)
    i.HAL_GPIO_DeInit                        0x08000f60   Section        0  stm32l0xx_hal_gpio.o(i.HAL_GPIO_DeInit)
    i.HAL_GPIO_EXTI_Callback                 0x08001050   Section        0  user_functions.o(i.HAL_GPIO_EXTI_Callback)
    i.HAL_GPIO_EXTI_IRQHandler               0x08001064   Section        0  stm32l0xx_hal_gpio.o(i.HAL_GPIO_EXTI_IRQHandler)
    i.HAL_GPIO_Init                          0x0800107c   Section        0  stm32l0xx_hal_gpio.o(i.HAL_GPIO_Init)
    i.HAL_GPIO_TogglePin                     0x08001200   Section        0  stm32l0xx_hal_gpio.o(i.HAL_GPIO_TogglePin)
    i.HAL_GPIO_WritePin                      0x08001208   Section        0  stm32l0xx_hal_gpio.o(i.HAL_GPIO_WritePin)
    i.HAL_GetTick                            0x08001214   Section        0  stm32l0xx_hal.o(i.HAL_GetTick)
    i.HAL_HalfDuplex_Init                    0x08001220   Section        0  stm32l0xx_hal_uart.o(i.HAL_HalfDuplex_Init)
    i.HAL_IncTick                            0x08001290   Section        0  stm32l0xx_hal.o(i.HAL_IncTick)
    i.HAL_Init                               0x080012a0   Section        0  stm32l0xx_hal.o(i.HAL_Init)
    i.HAL_InitTick                           0x080012c0   Section        0  stm32l0xx_hal.o(i.HAL_InitTick)
    i.HAL_MspInit                            0x080012e8   Section        0  stm32l0xx_hal_msp.o(i.HAL_MspInit)
    i.HAL_NVIC_EnableIRQ                     0x08001320   Section        0  stm32l0xx_hal_cortex.o(i.HAL_NVIC_EnableIRQ)
    i.HAL_NVIC_SetPriority                   0x08001334   Section        0  stm32l0xx_hal_cortex.o(i.HAL_NVIC_SetPriority)
    i.HAL_RCCEx_PeriphCLKConfig              0x0800133c   Section        0  stm32l0xx_hal_rcc_ex.o(i.HAL_RCCEx_PeriphCLKConfig)
    i.HAL_RCC_ClockConfig                    0x080014d0   Section        0  stm32l0xx_hal_rcc.o(i.HAL_RCC_ClockConfig)
    i.HAL_RCC_GetHCLKFreq                    0x08001638   Section        0  stm32l0xx_hal_rcc.o(i.HAL_RCC_GetHCLKFreq)
    i.HAL_RCC_GetPCLK1Freq                   0x08001644   Section        0  stm32l0xx_hal_rcc.o(i.HAL_RCC_GetPCLK1Freq)
    i.HAL_RCC_GetPCLK2Freq                   0x08001664   Section        0  stm32l0xx_hal_rcc.o(i.HAL_RCC_GetPCLK2Freq)
    i.HAL_RCC_GetSysClockFreq                0x08001684   Section        0  stm32l0xx_hal_rcc.o(i.HAL_RCC_GetSysClockFreq)
    i.HAL_RCC_OscConfig                      0x08001708   Section        0  stm32l0xx_hal_rcc.o(i.HAL_RCC_OscConfig)
    i.HAL_SPI_DeInit                         0x08001b46   Section        0  stm32l0xx_hal_spi.o(i.HAL_SPI_DeInit)
    i.HAL_SPI_GetState                       0x08001b76   Section        0  stm32l0xx_hal_spi.o(i.HAL_SPI_GetState)
    i.HAL_SPI_Init                           0x08001b7c   Section        0  stm32l0xx_hal_spi.o(i.HAL_SPI_Init)
    i.HAL_SPI_MspDeInit                      0x08001c00   Section        0  spi.o(i.HAL_SPI_MspDeInit)
    i.HAL_SPI_MspInit                        0x08001c34   Section        0  spi.o(i.HAL_SPI_MspInit)
    i.HAL_SPI_TransmitReceive                0x08001c8c   Section        0  stm32l0xx_hal_spi.o(i.HAL_SPI_TransmitReceive)
    i.HAL_SYSTICK_CLKSourceConfig            0x08001f44   Section        0  stm32l0xx_hal_cortex.o(i.HAL_SYSTICK_CLKSourceConfig)
    i.HAL_SYSTICK_Callback                   0x08001f5c   Section        0  stm32l0xx_hal_cortex.o(i.HAL_SYSTICK_Callback)
    i.HAL_SYSTICK_Config                     0x08001f60   Section        0  stm32l0xx_hal_cortex.o(i.HAL_SYSTICK_Config)
    i.HAL_SYSTICK_IRQHandler                 0x08001f90   Section        0  stm32l0xx_hal_cortex.o(i.HAL_SYSTICK_IRQHandler)
    i.HAL_UART_MspInit                       0x08001f98   Section        0  usart.o(i.HAL_UART_MspInit)
    i.HardFault_Handler                      0x08002034   Section        0  stm32l0xx_it.o(i.HardFault_Handler)
    i.MX_ADC_Init                            0x08002038   Section        0  adc.o(i.MX_ADC_Init)
    i.MX_DMA_Init                            0x0800209c   Section        0  dma.o(i.MX_DMA_Init)
    i.MX_FATFS_Init                          0x080020b4   Section        0  fatfs.o(i.MX_FATFS_Init)
    i.MX_GPIO_Init                           0x080020d0   Section        0  gpio.o(i.MX_GPIO_Init)
    i.MX_SPI1_Init                           0x080021ac   Section        0  spi.o(i.MX_SPI1_Init)
    i.MX_USART1_UART_Init                    0x080021ec   Section        0  usart.o(i.MX_USART1_UART_Init)
    i.MX_USART2_UART_Init                    0x08002224   Section        0  usart.o(i.MX_USART2_UART_Init)
    i.NMI_Handler                            0x0800225c   Section        0  stm32l0xx_it.o(i.NMI_Handler)
    i.NVIC_SetPriority                       0x08002260   Section        0  stm32l0xx_hal_cortex.o(i.NVIC_SetPriority)
    NVIC_SetPriority                         0x08002261   Thumb Code    60  stm32l0xx_hal_cortex.o(i.NVIC_SetPriority)
    i.PendSV_Handler                         0x080022a4   Section        0  stm32l0xx_it.o(i.PendSV_Handler)
    i.SD_GetCIDRegister                      0x080022a6   Section        0  stm32_adafruit_sd.o(i.SD_GetCIDRegister)
    SD_GetCIDRegister                        0x080022a7   Thumb Code   258  stm32_adafruit_sd.o(i.SD_GetCIDRegister)
    i.SD_GetCSDRegister                      0x080023a8   Section        0  stm32_adafruit_sd.o(i.SD_GetCSDRegister)
    SD_GetCSDRegister                        0x080023a9   Thumb Code   610  stm32_adafruit_sd.o(i.SD_GetCSDRegister)
    i.SD_GoIdleState                         0x08002618   Section        0  stm32_adafruit_sd.o(i.SD_GoIdleState)
    SD_GoIdleState                           0x08002619   Thumb Code   422  stm32_adafruit_sd.o(i.SD_GoIdleState)
    i.SD_IO_CSState                          0x080027c4   Section        0  stm32l0xx_nucleo.o(i.SD_IO_CSState)
    i.SD_IO_Init                             0x080027e0   Section        0  stm32l0xx_nucleo.o(i.SD_IO_Init)
    i.SD_IO_WriteByte                        0x0800285c   Section        0  stm32l0xx_nucleo.o(i.SD_IO_WriteByte)
    i.SD_IO_WriteReadData                    0x08002870   Section        0  stm32l0xx_nucleo.o(i.SD_IO_WriteReadData)
    i.SD_ReadData                            0x08002878   Section        0  stm32_adafruit_sd.o(i.SD_ReadData)
    SD_ReadData                              0x08002879   Thumb Code    24  stm32_adafruit_sd.o(i.SD_ReadData)
    i.SD_SendCmd                             0x08002890   Section        0  stm32_adafruit_sd.o(i.SD_SendCmd)
    SD_SendCmd                               0x08002891   Thumb Code   226  stm32_adafruit_sd.o(i.SD_SendCmd)
    i.SD_WaitData                            0x08002978   Section        0  stm32_adafruit_sd.o(i.SD_WaitData)
    SD_WaitData                              0x08002979   Thumb Code    38  stm32_adafruit_sd.o(i.SD_WaitData)
    i.SD_initialize                          0x080029a4   Section        0  sd_diskio.o(i.SD_initialize)
    i.SD_ioctl                               0x080029c4   Section        0  sd_diskio.o(i.SD_ioctl)
    i.SD_read                                0x08002a10   Section        0  sd_diskio.o(i.SD_read)
    i.SD_status                              0x08002a2c   Section        0  sd_diskio.o(i.SD_status)
    i.SD_write                               0x08002a4c   Section        0  sd_diskio.o(i.SD_write)
    i.SPI_WaitOnFlagUntilTimeout             0x08002a66   Section        0  stm32l0xx_hal_spi.o(i.SPI_WaitOnFlagUntilTimeout)
    SPI_WaitOnFlagUntilTimeout               0x08002a67   Thumb Code   178  stm32l0xx_hal_spi.o(i.SPI_WaitOnFlagUntilTimeout)
    i.SPIx_Error                             0x08002b18   Section        0  stm32l0xx_nucleo.o(i.SPIx_Error)
    SPIx_Error                               0x08002b19   Thumb Code    14  stm32l0xx_nucleo.o(i.SPIx_Error)
    i.SPIx_Init                              0x08002b2c   Section        0  stm32l0xx_nucleo.o(i.SPIx_Init)
    SPIx_Init                                0x08002b2d   Thumb Code    66  stm32l0xx_nucleo.o(i.SPIx_Init)
    i.SPIx_MspInit                           0x08002b78   Section        0  stm32l0xx_nucleo.o(i.SPIx_MspInit)
    SPIx_MspInit                             0x08002b79   Thumb Code   110  stm32l0xx_nucleo.o(i.SPIx_MspInit)
    i.SPIx_WriteReadData                     0x08002bec   Section        0  stm32l0xx_nucleo.o(i.SPIx_WriteReadData)
    SPIx_WriteReadData                       0x08002bed   Thumb Code    30  stm32l0xx_nucleo.o(i.SPIx_WriteReadData)
    i.SVC_Handler                            0x08002c14   Section        0  stm32l0xx_it.o(i.SVC_Handler)
    i.SysTick_Handler                        0x08002c16   Section        0  stm32l0xx_it.o(i.SysTick_Handler)
    i.SystemClock_Config                     0x08002c24   Section        0  main.o(i.SystemClock_Config)
    i.SystemInit                             0x08002cb4   Section        0  system_stm32l0xx.o(i.SystemInit)
    i.UART_AdvFeatureConfig                  0x08002d08   Section        0  stm32l0xx_hal_uart.o(i.UART_AdvFeatureConfig)
    i.UART_CheckIdleState                    0x08002dd4   Section        0  stm32l0xx_hal_uart.o(i.UART_CheckIdleState)
    i.UART_SetConfig                         0x08002e2c   Section        0  stm32l0xx_hal_uart.o(i.UART_SetConfig)
    i.UART_WaitOnFlagUntilTimeout            0x080030cc   Section        0  stm32l0xx_hal_uart.o(i.UART_WaitOnFlagUntilTimeout)
    i.USER_initialize                        0x08003180   Section        0  user_diskio.o(i.USER_initialize)
    i.USER_ioctl                             0x08003190   Section        0  user_diskio.o(i.USER_ioctl)
    i.USER_read                              0x08003194   Section        0  user_diskio.o(i.USER_read)
    i.USER_status                            0x08003198   Section        0  user_diskio.o(i.USER_status)
    i.USER_write                             0x080031a8   Section        0  user_diskio.o(i.USER_write)
    i.__ARM_clz                              0x080031ac   Section        0  depilogue.o(i.__ARM_clz)
    i.__ARM_common_switch8                   0x080031da   Section        0  stm32_adafruit_sd.o(i.__ARM_common_switch8)
    i.__scatterload_copy                     0x080031f4   Section       14  handlers.o(i.__scatterload_copy)
    i.__scatterload_null                     0x08003202   Section        2  handlers.o(i.__scatterload_null)
    i.__scatterload_zeroinit                 0x08003204   Section       14  handlers.o(i.__scatterload_zeroinit)
    i.check_fs                               0x08003214   Section        0  ff.o(i.check_fs)
    check_fs                                 0x08003215   Thumb Code   102  ff.o(i.check_fs)
    i.chk_lock                               0x08003284   Section        0  ff.o(i.chk_lock)
    chk_lock                                 0x08003285   Thumb Code   102  ff.o(i.chk_lock)
    i.clear_lock                             0x080032f0   Section        0  ff.o(i.clear_lock)
    clear_lock                               0x080032f1   Thumb Code    28  ff.o(i.clear_lock)
    i.clmt_clust                             0x08003310   Section        0  ff.o(i.clmt_clust)
    clmt_clust                               0x08003311   Thumb Code    56  ff.o(i.clmt_clust)
    i.clust2sect                             0x08003348   Section        0  ff.o(i.clust2sect)
    i.create_chain                           0x08003368   Section        0  ff.o(i.create_chain)
    create_chain                             0x08003369   Thumb Code   174  ff.o(i.create_chain)
    i.create_name                            0x0800341c   Section        0  ff.o(i.create_name)
    create_name                              0x0800341d   Thumb Code   256  ff.o(i.create_name)
    i.dec_lock                               0x08003530   Section        0  ff.o(i.dec_lock)
    dec_lock                                 0x08003531   Thumb Code    56  ff.o(i.dec_lock)
    i.dir_next                               0x0800356c   Section        0  ff.o(i.dir_next)
    dir_next                                 0x0800356d   Thumb Code   264  ff.o(i.dir_next)
    i.dir_register                           0x08003678   Section        0  ff.o(i.dir_register)
    dir_register                             0x08003679   Thumb Code   124  ff.o(i.dir_register)
    i.dir_sdi                                0x080036f4   Section        0  ff.o(i.dir_sdi)
    dir_sdi                                  0x080036f5   Thumb Code   140  ff.o(i.dir_sdi)
    i.disk_initialize                        0x08003780   Section        0  diskio.o(i.disk_initialize)
    i.disk_ioctl                             0x080037ac   Section        0  diskio.o(i.disk_ioctl)
    i.disk_read                              0x080037c8   Section        0  diskio.o(i.disk_read)
    i.disk_status                            0x080037e4   Section        0  diskio.o(i.disk_status)
    i.disk_write                             0x080037fc   Section        0  diskio.o(i.disk_write)
    i.f_close                                0x08003818   Section        0  ff.o(i.f_close)
    i.f_mkfs                                 0x08003844   Section        0  ff.o(i.f_mkfs)
    i.f_mount                                0x08003d70   Section        0  ff.o(i.f_mount)
    i.f_open                                 0x08003dd0   Section        0  ff.o(i.f_open)
    i.f_read                                 0x08003f80   Section        0  ff.o(i.f_read)
    i.f_sync                                 0x08004100   Section        0  ff.o(i.f_sync)
    i.f_write                                0x080041a8   Section        0  ff.o(i.f_write)
    i.find_volume                            0x08004360   Section        0  ff.o(i.find_volume)
    find_volume                              0x08004361   Thumb Code   646  ff.o(i.find_volume)
    i.follow_path                            0x08004600   Section        0  ff.o(i.follow_path)
    follow_path                              0x08004601   Thumb Code   198  ff.o(i.follow_path)
    i.free                                   0x080046c8   Section        0  malloc.o(i.free)
    i.get_fat                                0x0800471c   Section        0  ff.o(i.get_fat)
    i.get_fattime                            0x080047e8   Section        0  fatfs.o(i.get_fattime)
    i.get_ldnumber                           0x080047ec   Section        0  ff.o(i.get_ldnumber)
    get_ldnumber                             0x080047ed   Thumb Code    60  ff.o(i.get_ldnumber)
    i.inc_lock                               0x08004828   Section        0  ff.o(i.inc_lock)
    inc_lock                                 0x08004829   Thumb Code   144  ff.o(i.inc_lock)
    i.ld_clust                               0x080048bc   Section        0  ff.o(i.ld_clust)
    ld_clust                                 0x080048bd   Thumb Code    36  ff.o(i.ld_clust)
    i.main                                   0x080048e0   Section        0  main.o(i.main)
    i.malloc                                 0x080049d0   Section        0  malloc.o(i.malloc)
    i.mem_cpy                                0x08004a3c   Section        0  ff.o(i.mem_cpy)
    mem_cpy                                  0x08004a3d   Thumb Code    16  ff.o(i.mem_cpy)
    i.mem_set                                0x08004a4c   Section        0  ff.o(i.mem_set)
    mem_set                                  0x08004a4d   Thumb Code    14  ff.o(i.mem_set)
    i.move_window                            0x08004a5a   Section        0  ff.o(i.move_window)
    move_window                              0x08004a5b   Thumb Code    56  ff.o(i.move_window)
    i.put_fat                                0x08004a92   Section        0  ff.o(i.put_fat)
    i.remove_chain                           0x08004b90   Section        0  ff.o(i.remove_chain)
    remove_chain                             0x08004b91   Thumb Code   102  ff.o(i.remove_chain)
    i.st_clust                               0x08004bf6   Section        0  ff.o(i.st_clust)
    st_clust                                 0x08004bf7   Thumb Code    16  ff.o(i.st_clust)
    i.sync_fs                                0x08004c06   Section        0  ff.o(i.sync_fs)
    sync_fs                                  0x08004c07   Thumb Code   148  ff.o(i.sync_fs)
    i.sync_window                            0x08004c9a   Section        0  ff.o(i.sync_window)
    sync_window                              0x08004c9b   Thumb Code    84  ff.o(i.sync_window)
    i.validate                               0x08004cee   Section        0  ff.o(i.validate)
    validate                                 0x08004cef   Thumb Code    52  ff.o(i.validate)
    .constdata                               0x08004d24   Section        5  stm32_adafruit_sd.o(.constdata)
    .constdata                               0x08004d29   Section       25  system_stm32l0xx.o(.constdata)
    .constdata                               0x08004d42   Section        8  system_stm32l0xx.o(.constdata)
    .constdata                               0x08004d4a   Section      172  ff.o(.constdata)
    ExCvt                                    0x08004d4a   Data         128  ff.o(.constdata)
    vst                                      0x08004dca   Data          22  ff.o(.constdata)
    cst                                      0x08004de0   Data          22  ff.o(.constdata)
    .data                                    0x20000000   Section        4  main.o(.data)
    .data                                    0x20000004   Section        5  fatfs.o(.data)
    .data                                    0x20000009   Section        1  user_diskio.o(.data)
    Stat                                     0x20000009   Data           1  user_diskio.o(.data)
    .data                                    0x2000000c   Section       20  user_diskio.o(.data)
    .data                                    0x20000020   Section        1  sd_diskio.o(.data)
    Stat                                     0x20000020   Data           1  sd_diskio.o(.data)
    .data                                    0x20000024   Section       20  sd_diskio.o(.data)
    .data                                    0x20000038   Section        4  stm32_adafruit_sd.o(.data)
    .data                                    0x2000003c   Section       20  stm32l0xx_nucleo.o(.data)
    sConfig                                  0x20000048   Data           8  stm32l0xx_nucleo.o(.data)
    .data                                    0x20000050   Section        4  stm32l0xx_hal.o(.data)
    .data                                    0x20000054   Section        4  system_stm32l0xx.o(.data)
    .data                                    0x20000058   Section        8  ff.o(.data)
    Fsid                                     0x20000058   Data           2  ff.o(.data)
    FatFs                                    0x2000005c   Data           4  ff.o(.data)
    .data                                    0x20000060   Section        4  mvars.o(.data)
    .data                                    0x20000064   Section        4  mvars.o(.data)
    .bss                                     0x20000068   Section       88  spi.o(.bss)
    .bss                                     0x200000c0   Section      284  usart.o(.bss)
    .bss                                     0x200001dc   Section     1116  main.o(.bss)
    .bss                                     0x20000638   Section       96  adc.o(.bss)
    .bss                                     0x20000698   Section      184  stm32l0xx_nucleo.o(.bss)
    hnucleo_Spi                              0x20000698   Data          88  stm32l0xx_nucleo.o(.bss)
    hnucleo_Adc                              0x200006f0   Data          96  stm32l0xx_nucleo.o(.bss)
    .bss                                     0x20000750   Section       12  ff_gen_drv.o(.bss)
    .bss                                     0x2000075c   Section       24  ff.o(.bss)
    Files                                    0x2000075c   Data          24  ff.o(.bss)
    HEAP                                     0x20000778   Section      512  startup_stm32l073xx.o(HEAP)
    STACK                                    0x20000978   Section     1024  startup_stm32l073xx.o(STACK)

    Global Symbols

    Symbol Name                              Value     Ov Type        Size  Object(Section)

    BuildAttributes$$THM_ISAv3M$S$PE$A:L22$X:L11$S22$IEEE1$IW$USESV6$~STKCKD$USESV7$~SHL$OSPACE$ROPI$EBA8$MICROLIB$REQ8$PRES8$EABIv2 0x00000000   Number         0  anon$$obj.o ABSOLUTE
    __ARM_use_no_argv                        0x00000000   Number         0  main.o ABSOLUTE
    __cpp_initialize__aeabi_                  - Undefined Weak Reference
    __cxa_finalize                            - Undefined Weak Reference
    __decompress                              - Undefined Weak Reference
    _clock_init                               - Undefined Weak Reference
    _microlib_exit                            - Undefined Weak Reference
    __Vectors_Size                           0x000000c0   Number         0  startup_stm32l073xx.o ABSOLUTE
    __Vectors                                0x08000000   Data           4  startup_stm32l073xx.o(RESET)
    __Vectors_End                            0x080000c0   Data           0  startup_stm32l073xx.o(RESET)
    __main                                   0x080000c1   Thumb Code     0  entry.o(.ARM.Collect$$$$00000000)
    _main_stk                                0x080000c1   Thumb Code     0  entry2.o(.ARM.Collect$$$$00000001)
    _main_scatterload                        0x080000c5   Thumb Code     0  entry5.o(.ARM.Collect$$$$00000004)
    __main_after_scatterload                 0x080000c9   Thumb Code     0  entry5.o(.ARM.Collect$$$$00000004)
    _main_clock                              0x080000c9   Thumb Code     0  entry7b.o(.ARM.Collect$$$$00000008)
    _main_cpp_init                           0x080000c9   Thumb Code     0  entry8b.o(.ARM.Collect$$$$0000000A)
    _main_init                               0x080000c9   Thumb Code     0  entry9a.o(.ARM.Collect$$$$0000000B)
    __rt_final_cpp                           0x080000d1   Thumb Code     0  entry10a.o(.ARM.Collect$$$$0000000D)
    __rt_final_exit                          0x080000d1   Thumb Code     0  entry11a.o(.ARM.Collect$$$$0000000F)
    Reset_Handler                            0x080000d5   Thumb Code     8  startup_stm32l073xx.o(.text)
    ADC1_COMP_IRQHandler                     0x080000e7   Thumb Code     0  startup_stm32l073xx.o(.text)
    DMA1_Channel1_IRQHandler                 0x080000e7   Thumb Code     0  startup_stm32l073xx.o(.text)
    DMA1_Channel4_5_6_7_IRQHandler           0x080000e7   Thumb Code     0  startup_stm32l073xx.o(.text)
    EXTI0_1_IRQHandler                       0x080000e7   Thumb Code     0  startup_stm32l073xx.o(.text)
    EXTI2_3_IRQHandler                       0x080000e7   Thumb Code     0  startup_stm32l073xx.o(.text)
    FLASH_IRQHandler                         0x080000e7   Thumb Code     0  startup_stm32l073xx.o(.text)
    I2C1_IRQHandler                          0x080000e7   Thumb Code     0  startup_stm32l073xx.o(.text)
    I2C2_IRQHandler                          0x080000e7   Thumb Code     0  startup_stm32l073xx.o(.text)
    I2C3_IRQHandler                          0x080000e7   Thumb Code     0  startup_stm32l073xx.o(.text)
    LCD_IRQHandler                           0x080000e7   Thumb Code     0  startup_stm32l073xx.o(.text)
    LPTIM1_IRQHandler                        0x080000e7   Thumb Code     0  startup_stm32l073xx.o(.text)
    PVD_IRQHandler                           0x080000e7   Thumb Code     0  startup_stm32l073xx.o(.text)
    RCC_CRS_IRQHandler                       0x080000e7   Thumb Code     0  startup_stm32l073xx.o(.text)
    RNG_LPUART1_IRQHandler                   0x080000e7   Thumb Code     0  startup_stm32l073xx.o(.text)
    RTC_IRQHandler                           0x080000e7   Thumb Code     0  startup_stm32l073xx.o(.text)
    SPI1_IRQHandler                          0x080000e7   Thumb Code     0  startup_stm32l073xx.o(.text)
    SPI2_IRQHandler                          0x080000e7   Thumb Code     0  startup_stm32l073xx.o(.text)
    TIM21_IRQHandler                         0x080000e7   Thumb Code     0  startup_stm32l073xx.o(.text)
    TIM22_IRQHandler                         0x080000e7   Thumb Code     0  startup_stm32l073xx.o(.text)
    TIM2_IRQHandler                          0x080000e7   Thumb Code     0  startup_stm32l073xx.o(.text)
    TIM3_IRQHandler                          0x080000e7   Thumb Code     0  startup_stm32l073xx.o(.text)
    TIM6_DAC_IRQHandler                      0x080000e7   Thumb Code     0  startup_stm32l073xx.o(.text)
    TIM7_IRQHandler                          0x080000e7   Thumb Code     0  startup_stm32l073xx.o(.text)
    TSC_IRQHandler                           0x080000e7   Thumb Code     0  startup_stm32l073xx.o(.text)
    USART1_IRQHandler                        0x080000e7   Thumb Code     0  startup_stm32l073xx.o(.text)
    USART2_IRQHandler                        0x080000e7   Thumb Code     0  startup_stm32l073xx.o(.text)
    USART4_5_IRQHandler                      0x080000e7   Thumb Code     0  startup_stm32l073xx.o(.text)
    USB_IRQHandler                           0x080000e7   Thumb Code     0  startup_stm32l073xx.o(.text)
    WWDG_IRQHandler                          0x080000e7   Thumb Code     0  startup_stm32l073xx.o(.text)
    __aeabi_uidiv                            0x080000f1   Thumb Code     0  uidiv.o(.text)
    __aeabi_uidivmod                         0x080000f1   Thumb Code    44  uidiv.o(.text)
    __aeabi_memcpy                           0x0800011d   Thumb Code    36  memcpya.o(.text)
    __aeabi_memcpy4                          0x0800011d   Thumb Code     0  memcpya.o(.text)
    __aeabi_memcpy8                          0x0800011d   Thumb Code     0  memcpya.o(.text)
    __aeabi_memset                           0x08000141   Thumb Code    14  memseta.o(.text)
    __aeabi_memset4                          0x08000141   Thumb Code     0  memseta.o(.text)
    __aeabi_memset8                          0x08000141   Thumb Code     0  memseta.o(.text)
    __aeabi_memclr                           0x0800014f   Thumb Code     4  memseta.o(.text)
    __aeabi_memclr4                          0x0800014f   Thumb Code     0  memseta.o(.text)
    __aeabi_memclr8                          0x0800014f   Thumb Code     0  memseta.o(.text)
    _memset$wrapper                          0x08000153   Thumb Code    18  memseta.o(.text)
    __aeabi_uread4                           0x08000165   Thumb Code    20  uread4.o(.text)
    __rt_uread4                              0x08000165   Thumb Code     0  uread4.o(.text)
    _uread4                                  0x08000165   Thumb Code     0  uread4.o(.text)
    __aeabi_dadd                             0x08000179   Thumb Code   328  dadd.o(.text)
    __aeabi_dsub                             0x080002c1   Thumb Code    12  dadd.o(.text)
    __aeabi_drsub                            0x080002cd   Thumb Code    12  dadd.o(.text)
    __aeabi_ddiv                             0x080002dd   Thumb Code   234  ddiv.o(.text)
    __ARM_scalbn                             0x080003cd   Thumb Code    44  dscalb.o(.text)
    scalbn                                   0x080003cd   Thumb Code     0  dscalb.o(.text)
    __aeabi_ui2d                             0x080003f9   Thumb Code    24  dfltui.o(.text)
    __aeabi_ul2d                             0x08000415   Thumb Code    22  dfltul.o(.text)
    __aeabi_d2uiz                            0x08000431   Thumb Code    50  dfixui.o(.text)
    __aeabi_llsl                             0x0800046d   Thumb Code    32  llshl.o(.text)
    _ll_shift_l                              0x0800046d   Thumb Code     0  llshl.o(.text)
    __aeabi_llsr                             0x0800048d   Thumb Code    34  llushr.o(.text)
    _ll_ushift_r                             0x0800048d   Thumb Code     0  llushr.o(.text)
    __aeabi_lasr                             0x080004af   Thumb Code    38  llsshr.o(.text)
    _ll_sshift_r                             0x080004af   Thumb Code     0  llsshr.o(.text)
    __I$use$fp                               0x080004d5   Thumb Code     0  iusefp.o(.text)
    _double_round                            0x080004d5   Thumb Code    26  depilogue.o(.text)
    _double_epilogue                         0x080004ef   Thumb Code   164  depilogue.o(.text)
    __scatterload                            0x08000595   Thumb Code    28  init.o(.text)
    __scatterload_rt2                        0x08000595   Thumb Code     0  init.o(.text)
    BSP_SD_GetCardInfo                       0x080005dd   Thumb Code    84  stm32_adafruit_sd.o(i.BSP_SD_GetCardInfo)
    BSP_SD_GetStatus                         0x08000635   Thumb Code    62  stm32_adafruit_sd.o(i.BSP_SD_GetStatus)
    BSP_SD_Init                              0x08000675   Thumb Code    18  stm32_adafruit_sd.o(i.BSP_SD_Init)
    BSP_SD_ReadBlocks                        0x0800068d   Thumb Code   214  stm32_adafruit_sd.o(i.BSP_SD_ReadBlocks)
    BSP_SD_WriteBlocks                       0x08000769   Thumb Code   258  stm32_adafruit_sd.o(i.BSP_SD_WriteBlocks)
    DMA1_Channel2_3_IRQHandler               0x08000871   Thumb Code    10  stm32l0xx_it.o(i.DMA1_Channel2_3_IRQHandler)
    EXTI4_15_IRQHandler                      0x08000881   Thumb Code    28  stm32l0xx_it.o(i.EXTI4_15_IRQHandler)
    Error_Handler                            0x0800089d   Thumb Code     2  main.o(i.Error_Handler)
    FATFS_LinkDriver                         0x0800089f   Thumb Code    10  ff_gen_drv.o(i.FATFS_LinkDriver)
    FATFS_LinkDriverEx                       0x080008a9   Thumb Code    60  ff_gen_drv.o(i.FATFS_LinkDriverEx)
    HAL_ADC_ConfigChannel                    0x080008e9   Thumb Code   174  stm32l0xx_hal_adc.o(i.HAL_ADC_ConfigChannel)
    HAL_ADC_Init                             0x080009a1   Thumb Code   440  stm32l0xx_hal_adc.o(i.HAL_ADC_Init)
    HAL_ADC_MspInit                          0x08000b65   Thumb Code    74  adc.o(i.HAL_ADC_MspInit)
    HAL_DMA_IRQHandler                       0x08000bc1   Thumb Code   634  stm32l0xx_hal_dma.o(i.HAL_DMA_IRQHandler)
    HAL_DMA_Init                             0x08000e41   Thumb Code   254  stm32l0xx_hal_dma.o(i.HAL_DMA_Init)
    HAL_Delay                                0x08000f49   Thumb Code    22  stm32l0xx_hal.o(i.HAL_Delay)
    HAL_GPIO_DeInit                          0x08000f61   Thumb Code   212  stm32l0xx_hal_gpio.o(i.HAL_GPIO_DeInit)
    HAL_GPIO_EXTI_Callback                   0x08001051   Thumb Code    14  user_functions.o(i.HAL_GPIO_EXTI_Callback)
    HAL_GPIO_EXTI_IRQHandler                 0x08001065   Thumb Code    18  stm32l0xx_hal_gpio.o(i.HAL_GPIO_EXTI_IRQHandler)
    HAL_GPIO_Init                            0x0800107d   Thumb Code   356  stm32l0xx_hal_gpio.o(i.HAL_GPIO_Init)
    HAL_GPIO_TogglePin                       0x08001201   Thumb Code     8  stm32l0xx_hal_gpio.o(i.HAL_GPIO_TogglePin)
    HAL_GPIO_WritePin                        0x08001209   Thumb Code    12  stm32l0xx_hal_gpio.o(i.HAL_GPIO_WritePin)
    HAL_GetTick                              0x08001215   Thumb Code     6  stm32l0xx_hal.o(i.HAL_GetTick)
    HAL_HalfDuplex_Init                      0x08001221   Thumb Code   112  stm32l0xx_hal_uart.o(i.HAL_HalfDuplex_Init)
    HAL_IncTick                              0x08001291   Thumb Code    10  stm32l0xx_hal.o(i.HAL_IncTick)
    HAL_Init                                 0x080012a1   Thumb Code    26  stm32l0xx_hal.o(i.HAL_Init)
    HAL_InitTick                             0x080012c1   Thumb Code    34  stm32l0xx_hal.o(i.HAL_InitTick)
    HAL_MspInit                              0x080012e9   Thumb Code    52  stm32l0xx_hal_msp.o(i.HAL_MspInit)
    HAL_NVIC_EnableIRQ                       0x08001321   Thumb Code    14  stm32l0xx_hal_cortex.o(i.HAL_NVIC_EnableIRQ)
    HAL_NVIC_SetPriority                     0x08001335   Thumb Code     8  stm32l0xx_hal_cortex.o(i.HAL_NVIC_SetPriority)
    HAL_RCCEx_PeriphCLKConfig                0x0800133d   Thumb Code   390  stm32l0xx_hal_rcc_ex.o(i.HAL_RCCEx_PeriphCLKConfig)
    HAL_RCC_ClockConfig                      0x080014d1   Thumb Code   340  stm32l0xx_hal_rcc.o(i.HAL_RCC_ClockConfig)
    HAL_RCC_GetHCLKFreq                      0x08001639   Thumb Code     6  stm32l0xx_hal_rcc.o(i.HAL_RCC_GetHCLKFreq)
    HAL_RCC_GetPCLK1Freq                     0x08001645   Thumb Code    20  stm32l0xx_hal_rcc.o(i.HAL_RCC_GetPCLK1Freq)
    HAL_RCC_GetPCLK2Freq                     0x08001665   Thumb Code    20  stm32l0xx_hal_rcc.o(i.HAL_RCC_GetPCLK2Freq)
    HAL_RCC_GetSysClockFreq                  0x08001685   Thumb Code   108  stm32l0xx_hal_rcc.o(i.HAL_RCC_GetSysClockFreq)
    HAL_RCC_OscConfig                        0x08001709   Thumb Code  1086  stm32l0xx_hal_rcc.o(i.HAL_RCC_OscConfig)
    HAL_SPI_DeInit                           0x08001b47   Thumb Code    48  stm32l0xx_hal_spi.o(i.HAL_SPI_DeInit)
    HAL_SPI_GetState                         0x08001b77   Thumb Code     6  stm32l0xx_hal_spi.o(i.HAL_SPI_GetState)
    HAL_SPI_Init                             0x08001b7d   Thumb Code   132  stm32l0xx_hal_spi.o(i.HAL_SPI_Init)
    HAL_SPI_MspDeInit                        0x08001c01   Thumb Code    40  spi.o(i.HAL_SPI_MspDeInit)
    HAL_SPI_MspInit                          0x08001c35   Thumb Code    74  spi.o(i.HAL_SPI_MspInit)
    HAL_SPI_TransmitReceive                  0x08001c8d   Thumb Code   696  stm32l0xx_hal_spi.o(i.HAL_SPI_TransmitReceive)
    HAL_SYSTICK_CLKSourceConfig              0x08001f45   Thumb Code    20  stm32l0xx_hal_cortex.o(i.HAL_SYSTICK_CLKSourceConfig)
    HAL_SYSTICK_Callback                     0x08001f5d   Thumb Code     2  stm32l0xx_hal_cortex.o(i.HAL_SYSTICK_Callback)
    HAL_SYSTICK_Config                       0x08001f61   Thumb Code    38  stm32l0xx_hal_cortex.o(i.HAL_SYSTICK_Config)
    HAL_SYSTICK_IRQHandler                   0x08001f91   Thumb Code     8  stm32l0xx_hal_cortex.o(i.HAL_SYSTICK_IRQHandler)
    HAL_UART_MspInit                         0x08001f99   Thumb Code   134  usart.o(i.HAL_UART_MspInit)
    HardFault_Handler                        0x08002035   Thumb Code     2  stm32l0xx_it.o(i.HardFault_Handler)
    MX_ADC_Init                              0x08002039   Thumb Code    88  adc.o(i.MX_ADC_Init)
    MX_DMA_Init                              0x0800209d   Thumb Code    20  dma.o(i.MX_DMA_Init)
    MX_FATFS_Init                            0x080020b5   Thumb Code    18  fatfs.o(i.MX_FATFS_Init)
    MX_GPIO_Init                             0x080020d1   Thumb Code   202  gpio.o(i.MX_GPIO_Init)
    MX_SPI1_Init                             0x080021ad   Thumb Code    56  spi.o(i.MX_SPI1_Init)
    MX_USART1_UART_Init                      0x080021ed   Thumb Code    48  usart.o(i.MX_USART1_UART_Init)
    MX_USART2_UART_Init                      0x08002225   Thumb Code    48  usart.o(i.MX_USART2_UART_Init)
    NMI_Handler                              0x0800225d   Thumb Code     2  stm32l0xx_it.o(i.NMI_Handler)
    PendSV_Handler                           0x080022a5   Thumb Code     2  stm32l0xx_it.o(i.PendSV_Handler)
    SD_IO_CSState                            0x080027c5   Thumb Code    24  stm32l0xx_nucleo.o(i.SD_IO_CSState)
    SD_IO_Init                               0x080027e1   Thumb Code   114  stm32l0xx_nucleo.o(i.SD_IO_Init)
    SD_IO_WriteByte                          0x0800285d   Thumb Code    20  stm32l0xx_nucleo.o(i.SD_IO_WriteByte)
    SD_IO_WriteReadData                      0x08002871   Thumb Code     8  stm32l0xx_nucleo.o(i.SD_IO_WriteReadData)
    SD_initialize                            0x080029a5   Thumb Code    28  sd_diskio.o(i.SD_initialize)
    SD_ioctl                                 0x080029c5   Thumb Code    70  sd_diskio.o(i.SD_ioctl)
    SD_read                                  0x08002a11   Thumb Code    26  sd_diskio.o(i.SD_read)
    SD_status                                0x08002a2d   Thumb Code    28  sd_diskio.o(i.SD_status)
    SD_write                                 0x08002a4d   Thumb Code    26  sd_diskio.o(i.SD_write)
    SVC_Handler                              0x08002c15   Thumb Code     2  stm32l0xx_it.o(i.SVC_Handler)
    SysTick_Handler                          0x08002c17   Thumb Code    12  stm32l0xx_it.o(i.SysTick_Handler)
    SystemClock_Config                       0x08002c25   Thumb Code   138  main.o(i.SystemClock_Config)
    SystemInit                               0x08002cb5   Thumb Code    66  system_stm32l0xx.o(i.SystemInit)
    UART_AdvFeatureConfig                    0x08002d09   Thumb Code   202  stm32l0xx_hal_uart.o(i.UART_AdvFeatureConfig)
    UART_CheckIdleState                      0x08002dd5   Thumb Code    82  stm32l0xx_hal_uart.o(i.UART_CheckIdleState)
    UART_SetConfig                           0x08002e2d   Thumb Code   624  stm32l0xx_hal_uart.o(i.UART_SetConfig)
    UART_WaitOnFlagUntilTimeout              0x080030cd   Thumb Code   178  stm32l0xx_hal_uart.o(i.UART_WaitOnFlagUntilTimeout)
    USER_initialize                          0x08003181   Thumb Code    10  user_diskio.o(i.USER_initialize)
    USER_ioctl                               0x08003191   Thumb Code     4  user_diskio.o(i.USER_ioctl)
    USER_read                                0x08003195   Thumb Code     4  user_diskio.o(i.USER_read)
    USER_status                              0x08003199   Thumb Code    10  user_diskio.o(i.USER_status)
    USER_write                               0x080031a9   Thumb Code     4  user_diskio.o(i.USER_write)
    __ARM_clz                                0x080031ad   Thumb Code    46  depilogue.o(i.__ARM_clz)
    __ARM_common_switch8                     0x080031db   Thumb Code    26  stm32_adafruit_sd.o(i.__ARM_common_switch8)
    __scatterload_copy                       0x080031f5   Thumb Code    14  handlers.o(i.__scatterload_copy)
    __scatterload_null                       0x08003203   Thumb Code     2  handlers.o(i.__scatterload_null)
    __scatterload_zeroinit                   0x08003205   Thumb Code    14  handlers.o(i.__scatterload_zeroinit)
    clust2sect                               0x08003349   Thumb Code    30  ff.o(i.clust2sect)
    disk_initialize                          0x08003781   Thumb Code    38  diskio.o(i.disk_initialize)
    disk_ioctl                               0x080037ad   Thumb Code    24  diskio.o(i.disk_ioctl)
    disk_read                                0x080037c9   Thumb Code    24  diskio.o(i.disk_read)
    disk_status                              0x080037e5   Thumb Code    18  diskio.o(i.disk_status)
    disk_write                               0x080037fd   Thumb Code    24  diskio.o(i.disk_write)
    f_close                                  0x08003819   Thumb Code    44  ff.o(i.f_close)
    f_mkfs                                   0x08003845   Thumb Code  1322  ff.o(i.f_mkfs)
    f_mount                                  0x08003d71   Thumb Code    90  ff.o(i.f_mount)
    f_open                                   0x08003dd1   Thumb Code   426  ff.o(i.f_open)
    f_read                                   0x08003f81   Thumb Code   378  ff.o(i.f_read)
    f_sync                                   0x08004101   Thumb Code   168  ff.o(i.f_sync)
    f_write                                  0x080041a9   Thumb Code   434  ff.o(i.f_write)
    free                                     0x080046c9   Thumb Code    80  malloc.o(i.free)
    get_fat                                  0x0800471d   Thumb Code   204  ff.o(i.get_fat)
    get_fattime                              0x080047e9   Thumb Code     4  fatfs.o(i.get_fattime)
    main                                     0x080048e1   Thumb Code   164  main.o(i.main)
    malloc                                   0x080049d1   Thumb Code    92  malloc.o(i.malloc)
    put_fat                                  0x08004a93   Thumb Code   254  ff.o(i.put_fat)
    AHBPrescTable                            0x08004d29   Data          16  system_stm32l0xx.o(.constdata)
    PLLMulTable                              0x08004d39   Data           9  system_stm32l0xx.o(.constdata)
    APBPrescTable                            0x08004d42   Data           8  system_stm32l0xx.o(.constdata)
    Region$$Table$$Base                      0x08004df8   Number         0  anon$$obj.o(Region$$Table)
    Region$$Table$$Limit                     0x08004e18   Number         0  anon$$obj.o(Region$$Table)
    SDPath                                   0x20000000   Data           4  main.o(.data)
    retUSER                                  0x20000004   Data           1  fatfs.o(.data)
    USER_Path                                0x20000005   Data           4  fatfs.o(.data)
    USER_Driver                              0x2000000c   Data          20  user_diskio.o(.data)
    SD_Driver                                0x20000024   Data          20  sd_diskio.o(.data)
    SdStatus                                 0x20000038   Data           1  stm32_adafruit_sd.o(.data)
    flag_SDHC                                0x2000003a   Data           2  stm32_adafruit_sd.o(.data)
    LED_PORT                                 0x2000003c   Data           4  stm32l0xx_nucleo.o(.data)
    BUTTON_PORT                              0x20000040   Data           4  stm32l0xx_nucleo.o(.data)
    SpixTimeout                              0x20000044   Data           4  stm32l0xx_nucleo.o(.data)
    uwTick                                   0x20000050   Data           4  stm32l0xx_hal.o(.data)
    SystemCoreClock                          0x20000054   Data           4  system_stm32l0xx.o(.data)
    __microlib_freelist                      0x20000060   Data           4  mvars.o(.data)
    __microlib_freelist_initialised          0x20000064   Data           4  mvars.o(.data)
    hspi1                                    0x20000068   Data          88  spi.o(.bss)
    huart1                                   0x200000c0   Data         112  usart.o(.bss)
    huart2                                   0x20000130   Data         112  usart.o(.bss)
    hdma_usart1_tx                           0x200001a0   Data          60  usart.o(.bss)
    SDFatFs                                  0x200001dc   Data         560  main.o(.bss)
    MyFile                                   0x2000040c   Data         556  main.o(.bss)
    hadc                                     0x20000638   Data          96  adc.o(.bss)
    disk                                     0x20000750   Data          12  ff_gen_drv.o(.bss)
    __heap_base                              0x20000778   Data           0  startup_stm32l073xx.o(HEAP)
    __heap_limit                             0x20000978   Data           0  startup_stm32l073xx.o(HEAP)
    __initial_sp                             0x20000d78   Data           0  startup_stm32l073xx.o(STACK)



==============================================================================

Memory Map of the image

  Image Entry point : 0x080000c1

  Load Region LR_IROM1 (Base: 0x08000000, Size: 0x00004e80, Max: 0x00030000, ABSOLUTE)

    Execution Region ER_IROM1 (Base: 0x08000000, Size: 0x00004e18, Max: 0x00030000, ABSOLUTE)

    Base Addr    Size         Type   Attr      Idx    E Section Name        Object

    0x08000000   0x000000c0   Data   RO          881    RESET               startup_stm32l073xx.o
    0x080000c0   0x00000000   Code   RO         3561  * .ARM.Collect$$$$00000000  mc_p.l(entry.o)
    0x080000c0   0x00000004   Code   RO         3614    .ARM.Collect$$$$00000001  mc_p.l(entry2.o)
    0x080000c4   0x00000004   Code   RO         3617    .ARM.Collect$$$$00000004  mc_p.l(entry5.o)
    0x080000c8   0x00000000   Code   RO         3619    .ARM.Collect$$$$00000008  mc_p.l(entry7b.o)
    0x080000c8   0x00000000   Code   RO         3621    .ARM.Collect$$$$0000000A  mc_p.l(entry8b.o)
    0x080000c8   0x00000008   Code   RO         3622    .ARM.Collect$$$$0000000B  mc_p.l(entry9a.o)
    0x080000d0   0x00000000   Code   RO         3624    .ARM.Collect$$$$0000000D  mc_p.l(entry10a.o)
    0x080000d0   0x00000000   Code   RO         3626    .ARM.Collect$$$$0000000F  mc_p.l(entry11a.o)
    0x080000d0   0x00000004   Code   RO         3615    .ARM.Collect$$$$00002712  mc_p.l(entry2.o)
    0x080000d4   0x0000001c   Code   RO          882    .text               startup_stm32l073xx.o
    0x080000f0   0x0000002c   Code   RO         3564    .text               mc_p.l(uidiv.o)
    0x0800011c   0x00000024   Code   RO         3566    .text               mc_p.l(memcpya.o)
    0x08000140   0x00000024   Code   RO         3568    .text               mc_p.l(memseta.o)
    0x08000164   0x00000014   Code   RO         3600    .text               mc_p.l(uread4.o)
    0x08000178   0x00000164   Code   RO         3602    .text               mf_p.l(dadd.o)
    0x080002dc   0x000000f0   Code   RO         3604    .text               mf_p.l(ddiv.o)
    0x080003cc   0x0000002c   Code   RO         3606    .text               mf_p.l(dscalb.o)
    0x080003f8   0x0000001c   Code   RO         3608    .text               mf_p.l(dfltui.o)
    0x08000414   0x0000001c   Code   RO         3610    .text               mf_p.l(dfltul.o)
    0x08000430   0x0000003c   Code   RO         3612    .text               mf_p.l(dfixui.o)
    0x0800046c   0x00000020   Code   RO         3628    .text               mc_p.l(llshl.o)
    0x0800048c   0x00000022   Code   RO         3630    .text               mc_p.l(llushr.o)
    0x080004ae   0x00000026   Code   RO         3632    .text               mc_p.l(llsshr.o)
    0x080004d4   0x00000000   Code   RO         3636    .text               mc_p.l(iusefp.o)
    0x080004d4   0x000000be   Code   RO         3637    .text               mf_p.l(depilogue.o)
    0x08000592   0x00000002   PAD
    0x08000594   0x00000024   Code   RO         3641    .text               mc_p.l(init.o)
    0x080005b8   0x00000024   Code   RO         2862    i.ADC_DelayMicroSecond  stm32l0xx_hal_adc.o
    0x080005dc   0x00000058   Code   RO          606    i.BSP_SD_GetCardInfo  stm32_adafruit_sd.o
    0x08000634   0x0000003e   Code   RO          607    i.BSP_SD_GetStatus  stm32_adafruit_sd.o
    0x08000672   0x00000002   PAD
    0x08000674   0x00000018   Code   RO          608    i.BSP_SD_Init       stm32_adafruit_sd.o
    0x0800068c   0x000000dc   Code   RO          609    i.BSP_SD_ReadBlocks  stm32_adafruit_sd.o
    0x08000768   0x00000108   Code   RO          610    i.BSP_SD_WriteBlocks  stm32_adafruit_sd.o
    0x08000870   0x00000010   Code   RO          296    i.DMA1_Channel2_3_IRQHandler  stm32l0xx_it.o
    0x08000880   0x0000001c   Code   RO          297    i.EXTI4_15_IRQHandler  stm32l0xx_it.o
    0x0800089c   0x00000002   Code   RO          213    i.Error_Handler     main.o
    0x0800089e   0x0000000a   Code   RO         3130    i.FATFS_LinkDriver  ff_gen_drv.o
    0x080008a8   0x00000040   Code   RO         3131    i.FATFS_LinkDriverEx  ff_gen_drv.o
    0x080008e8   0x000000b8   Code   RO         2866    i.HAL_ADC_ConfigChannel  stm32l0xx_hal_adc.o
    0x080009a0   0x000001c4   Code   RO         2875    i.HAL_ADC_Init      stm32l0xx_hal_adc.o
    0x08000b64   0x0000005c   Code   RO          484    i.HAL_ADC_MspInit   adc.o
    0x08000bc0   0x00000280   Code   RO         2267    i.HAL_DMA_IRQHandler  stm32l0xx_hal_dma.o
    0x08000e40   0x00000108   Code   RO         2268    i.HAL_DMA_Init      stm32l0xx_hal_dma.o
    0x08000f48   0x00000016   Code   RO         2042    i.HAL_Delay         stm32l0xx_hal.o
    0x08000f5e   0x00000002   PAD
    0x08000f60   0x000000f0   Code   RO         2385    i.HAL_GPIO_DeInit   stm32l0xx_hal_gpio.o
    0x08001050   0x00000014   Code   RO          521    i.HAL_GPIO_EXTI_Callback  user_functions.o
    0x08001064   0x00000018   Code   RO         2387    i.HAL_GPIO_EXTI_IRQHandler  stm32l0xx_hal_gpio.o
    0x0800107c   0x00000184   Code   RO         2388    i.HAL_GPIO_Init     stm32l0xx_hal_gpio.o
    0x08001200   0x00000008   Code   RO         2391    i.HAL_GPIO_TogglePin  stm32l0xx_hal_gpio.o
    0x08001208   0x0000000c   Code   RO         2392    i.HAL_GPIO_WritePin  stm32l0xx_hal_gpio.o
    0x08001214   0x0000000c   Code   RO         2046    i.HAL_GetTick       stm32l0xx_hal.o
    0x08001220   0x00000070   Code   RO         2499    i.HAL_HalfDuplex_Init  stm32l0xx_hal_uart.o
    0x08001290   0x00000010   Code   RO         2047    i.HAL_IncTick       stm32l0xx_hal.o
    0x080012a0   0x00000020   Code   RO         2048    i.HAL_Init          stm32l0xx_hal.o
    0x080012c0   0x00000028   Code   RO         2049    i.HAL_InitTick      stm32l0xx_hal.o
    0x080012e8   0x00000038   Code   RO          356    i.HAL_MspInit       stm32l0xx_hal_msp.o
    0x08001320   0x00000014   Code   RO         1211    i.HAL_NVIC_EnableIRQ  stm32l0xx_hal_cortex.o
    0x08001334   0x00000008   Code   RO         1215    i.HAL_NVIC_SetPriority  stm32l0xx_hal_cortex.o
    0x0800133c   0x00000194   Code   RO         1109    i.HAL_RCCEx_PeriphCLKConfig  stm32l0xx_hal_rcc_ex.o
    0x080014d0   0x00000168   Code   RO          889    i.HAL_RCC_ClockConfig  stm32l0xx_hal_rcc.o
    0x08001638   0x0000000c   Code   RO          893    i.HAL_RCC_GetHCLKFreq  stm32l0xx_hal_rcc.o
    0x08001644   0x00000020   Code   RO          895    i.HAL_RCC_GetPCLK1Freq  stm32l0xx_hal_rcc.o
    0x08001664   0x00000020   Code   RO          896    i.HAL_RCC_GetPCLK2Freq  stm32l0xx_hal_rcc.o
    0x08001684   0x00000084   Code   RO          897    i.HAL_RCC_GetSysClockFreq  stm32l0xx_hal_rcc.o
    0x08001708   0x0000043e   Code   RO          900    i.HAL_RCC_OscConfig  stm32l0xx_hal_rcc.o
    0x08001b46   0x00000030   Code   RO         1371    i.HAL_SPI_DeInit    stm32l0xx_hal_spi.o
    0x08001b76   0x00000006   Code   RO         1374    i.HAL_SPI_GetState  stm32l0xx_hal_spi.o
    0x08001b7c   0x00000084   Code   RO         1376    i.HAL_SPI_Init      stm32l0xx_hal_spi.o
    0x08001c00   0x00000034   Code   RO          128    i.HAL_SPI_MspDeInit  spi.o
    0x08001c34   0x00000058   Code   RO          129    i.HAL_SPI_MspInit   spi.o
    0x08001c8c   0x000002b8   Code   RO         1385    i.HAL_SPI_TransmitReceive  stm32l0xx_hal_spi.o
    0x08001f44   0x00000018   Code   RO         1217    i.HAL_SYSTICK_CLKSourceConfig  stm32l0xx_hal_cortex.o
    0x08001f5c   0x00000002   Code   RO         1218    i.HAL_SYSTICK_Callback  stm32l0xx_hal_cortex.o
    0x08001f5e   0x00000002   PAD
    0x08001f60   0x00000030   Code   RO         1219    i.HAL_SYSTICK_Config  stm32l0xx_hal_cortex.o
    0x08001f90   0x00000008   Code   RO         1220    i.HAL_SYSTICK_IRQHandler  stm32l0xx_hal_cortex.o
    0x08001f98   0x0000009c   Code   RO          167    i.HAL_UART_MspInit  usart.o
    0x08002034   0x00000002   Code   RO          298    i.HardFault_Handler  stm32l0xx_it.o
    0x08002036   0x00000002   PAD
    0x08002038   0x00000064   Code   RO          485    i.MX_ADC_Init       adc.o
    0x0800209c   0x00000018   Code   RO          376    i.MX_DMA_Init       dma.o
    0x080020b4   0x0000001c   Code   RO          396    i.MX_FATFS_Init     fatfs.o
    0x080020d0   0x000000dc   Code   RO            3    i.MX_GPIO_Init      gpio.o
    0x080021ac   0x00000040   Code   RO          130    i.MX_SPI1_Init      spi.o
    0x080021ec   0x00000038   Code   RO          168    i.MX_USART1_UART_Init  usart.o
    0x08002224   0x00000038   Code   RO          169    i.MX_USART2_UART_Init  usart.o
    0x0800225c   0x00000002   Code   RO          299    i.NMI_Handler       stm32l0xx_it.o
    0x0800225e   0x00000002   PAD
    0x08002260   0x00000044   Code   RO         1221    i.NVIC_SetPriority  stm32l0xx_hal_cortex.o
    0x080022a4   0x00000002   Code   RO          300    i.PendSV_Handler    stm32l0xx_it.o
    0x080022a6   0x00000102   Code   RO          611    i.SD_GetCIDRegister  stm32_adafruit_sd.o
    0x080023a8   0x00000270   Code   RO          612    i.SD_GetCSDRegister  stm32_adafruit_sd.o
    0x08002618   0x000001ac   Code   RO          613    i.SD_GoIdleState    stm32_adafruit_sd.o
    0x080027c4   0x0000001c   Code   RO          713    i.SD_IO_CSState     stm32l0xx_nucleo.o
    0x080027e0   0x0000007c   Code   RO          714    i.SD_IO_Init        stm32l0xx_nucleo.o
    0x0800285c   0x00000014   Code   RO          716    i.SD_IO_WriteByte   stm32l0xx_nucleo.o
    0x08002870   0x00000008   Code   RO          718    i.SD_IO_WriteReadData  stm32l0xx_nucleo.o
    0x08002878   0x00000018   Code   RO          614    i.SD_ReadData       stm32_adafruit_sd.o
    0x08002890   0x000000e8   Code   RO          615    i.SD_SendCmd        stm32_adafruit_sd.o
    0x08002978   0x0000002c   Code   RO          616    i.SD_WaitData       stm32_adafruit_sd.o
    0x080029a4   0x00000020   Code   RO          559    i.SD_initialize     sd_diskio.o
    0x080029c4   0x0000004c   Code   RO          560    i.SD_ioctl          sd_diskio.o
    0x08002a10   0x0000001a   Code   RO          561    i.SD_read           sd_diskio.o
    0x08002a2a   0x00000002   PAD
    0x08002a2c   0x00000020   Code   RO          562    i.SD_status         sd_diskio.o
    0x08002a4c   0x0000001a   Code   RO          563    i.SD_write          sd_diskio.o
    0x08002a66   0x000000b2   Code   RO         1406    i.SPI_WaitOnFlagUntilTimeout  stm32l0xx_hal_spi.o
    0x08002b18   0x00000014   Code   RO          719    i.SPIx_Error        stm32l0xx_nucleo.o
    0x08002b2c   0x0000004c   Code   RO          720    i.SPIx_Init         stm32l0xx_nucleo.o
    0x08002b78   0x00000074   Code   RO          721    i.SPIx_MspInit      stm32l0xx_nucleo.o
    0x08002bec   0x00000028   Code   RO          723    i.SPIx_WriteReadData  stm32l0xx_nucleo.o
    0x08002c14   0x00000002   Code   RO          301    i.SVC_Handler       stm32l0xx_it.o
    0x08002c16   0x0000000c   Code   RO          302    i.SysTick_Handler   stm32l0xx_it.o
    0x08002c22   0x00000002   PAD
    0x08002c24   0x00000090   Code   RO          214    i.SystemClock_Config  main.o
    0x08002cb4   0x00000054   Code   RO         3096    i.SystemInit        system_stm32l0xx.o
    0x08002d08   0x000000ca   Code   RO         2527    i.UART_AdvFeatureConfig  stm32l0xx_hal_uart.o
    0x08002dd2   0x00000002   PAD
    0x08002dd4   0x00000058   Code   RO         2528    i.UART_CheckIdleState  stm32l0xx_hal_uart.o
    0x08002e2c   0x000002a0   Code   RO         2535    i.UART_SetConfig    stm32l0xx_hal_uart.o
    0x080030cc   0x000000b2   Code   RO         2537    i.UART_WaitOnFlagUntilTimeout  stm32l0xx_hal_uart.o
    0x0800317e   0x00000002   PAD
    0x08003180   0x00000010   Code   RO          428    i.USER_initialize   user_diskio.o
    0x08003190   0x00000004   Code   RO          429    i.USER_ioctl        user_diskio.o
    0x08003194   0x00000004   Code   RO          430    i.USER_read         user_diskio.o
    0x08003198   0x00000010   Code   RO          431    i.USER_status       user_diskio.o
    0x080031a8   0x00000004   Code   RO          432    i.USER_write        user_diskio.o
    0x080031ac   0x0000002e   Code   RO         3639    i.__ARM_clz         mf_p.l(depilogue.o)
    0x080031da   0x0000001a   Code   RO          678    i.__ARM_common_switch8  stm32_adafruit_sd.o
    0x080031f4   0x0000000e   Code   RO         3645    i.__scatterload_copy  mc_p.l(handlers.o)
    0x08003202   0x00000002   Code   RO         3646    i.__scatterload_null  mc_p.l(handlers.o)
    0x08003204   0x0000000e   Code   RO         3647    i.__scatterload_zeroinit  mc_p.l(handlers.o)
    0x08003212   0x00000002   PAD
    0x08003214   0x00000070   Code   RO         3176    i.check_fs          ff.o
    0x08003284   0x0000006c   Code   RO         3177    i.chk_lock          ff.o
    0x080032f0   0x00000020   Code   RO         3178    i.clear_lock        ff.o
    0x08003310   0x00000038   Code   RO         3179    i.clmt_clust        ff.o
    0x08003348   0x0000001e   Code   RO         3180    i.clust2sect        ff.o
    0x08003366   0x00000002   PAD
    0x08003368   0x000000b4   Code   RO         3181    i.create_chain      ff.o
    0x0800341c   0x00000114   Code   RO         3182    i.create_name       ff.o
    0x08003530   0x0000003c   Code   RO         3183    i.dec_lock          ff.o
    0x0800356c   0x0000010c   Code   RO         3184    i.dir_next          ff.o
    0x08003678   0x0000007c   Code   RO         3186    i.dir_register      ff.o
    0x080036f4   0x0000008c   Code   RO         3188    i.dir_sdi           ff.o
    0x08003780   0x0000002c   Code   RO         3492    i.disk_initialize   diskio.o
    0x080037ac   0x0000001c   Code   RO         3493    i.disk_ioctl        diskio.o
    0x080037c8   0x0000001c   Code   RO         3494    i.disk_read         diskio.o
    0x080037e4   0x00000018   Code   RO         3495    i.disk_status       diskio.o
    0x080037fc   0x0000001c   Code   RO         3496    i.disk_write        diskio.o
    0x08003818   0x0000002c   Code   RO         3190    i.f_close           ff.o
    0x08003844   0x0000052a   Code   RO         3196    i.f_mkfs            ff.o
    0x08003d6e   0x00000002   PAD
    0x08003d70   0x00000060   Code   RO         3197    i.f_mount           ff.o
    0x08003dd0   0x000001b0   Code   RO         3198    i.f_open            ff.o
    0x08003f80   0x00000180   Code   RO         3203    i.f_read            ff.o
    0x08004100   0x000000a8   Code   RO         3207    i.f_sync            ff.o
    0x080041a8   0x000001b8   Code   RO         3211    i.f_write           ff.o
    0x08004360   0x000002a0   Code   RO         3212    i.find_volume       ff.o
    0x08004600   0x000000c6   Code   RO         3213    i.follow_path       ff.o
    0x080046c6   0x00000002   PAD
    0x080046c8   0x00000054   Code   RO         3572    i.free              mc_p.l(malloc.o)
    0x0800471c   0x000000cc   Code   RO         3214    i.get_fat           ff.o
    0x080047e8   0x00000004   Code   RO          397    i.get_fattime       fatfs.o
    0x080047ec   0x0000003c   Code   RO         3216    i.get_ldnumber      ff.o
    0x08004828   0x00000094   Code   RO         3217    i.inc_lock          ff.o
    0x080048bc   0x00000024   Code   RO         3218    i.ld_clust          ff.o
    0x080048e0   0x000000f0   Code   RO          215    i.main              main.o
    0x080049d0   0x0000006c   Code   RO         3573    i.malloc            mc_p.l(malloc.o)
    0x08004a3c   0x00000010   Code   RO         3219    i.mem_cpy           ff.o
    0x08004a4c   0x0000000e   Code   RO         3220    i.mem_set           ff.o
    0x08004a5a   0x00000038   Code   RO         3221    i.move_window       ff.o
    0x08004a92   0x000000fe   Code   RO         3222    i.put_fat           ff.o
    0x08004b90   0x00000066   Code   RO         3224    i.remove_chain      ff.o
    0x08004bf6   0x00000010   Code   RO         3225    i.st_clust          ff.o
    0x08004c06   0x00000094   Code   RO         3226    i.sync_fs           ff.o
    0x08004c9a   0x00000054   Code   RO         3227    i.sync_window       ff.o
    0x08004cee   0x00000034   Code   RO         3228    i.validate          ff.o
    0x08004d22   0x00000002   PAD
    0x08004d24   0x00000005   Data   RO          617    .constdata          stm32_adafruit_sd.o
    0x08004d29   0x00000019   Data   RO         3097    .constdata          system_stm32l0xx.o
    0x08004d42   0x00000008   Data   RO         3098    .constdata          system_stm32l0xx.o
    0x08004d4a   0x000000ac   Data   RO         3230    .constdata          ff.o
    0x08004df6   0x00000002   PAD
    0x08004df8   0x00000020   Data   RO         3643    Region$$Table       anon$$obj.o


    Execution Region RW_IRAM1 (Base: 0x20000000, Size: 0x00000d78, Max: 0x00005000, ABSOLUTE)

    Base Addr    Size         Type   Attr      Idx    E Section Name        Object

    0x20000000   0x00000004   Data   RW          217    .data               main.o
    0x20000004   0x00000005   Data   RW          398    .data               fatfs.o
    0x20000009   0x00000001   Data   RW          433    .data               user_diskio.o
    0x2000000a   0x00000002   PAD
    0x2000000c   0x00000014   Data   RW          434    .data               user_diskio.o
    0x20000020   0x00000001   Data   RW          564    .data               sd_diskio.o
    0x20000021   0x00000003   PAD
    0x20000024   0x00000014   Data   RW          565    .data               sd_diskio.o
    0x20000038   0x00000004   Data   RW          618    .data               stm32_adafruit_sd.o
    0x2000003c   0x00000014   Data   RW          726    .data               stm32l0xx_nucleo.o
    0x20000050   0x00000004   Data   RW         2058    .data               stm32l0xx_hal.o
    0x20000054   0x00000004   Data   RW         3099    .data               system_stm32l0xx.o
    0x20000058   0x00000008   Data   RW         3231    .data               ff.o
    0x20000060   0x00000004   Data   RW         3634    .data               mc_p.l(mvars.o)
    0x20000064   0x00000004   Data   RW         3635    .data               mc_p.l(mvars.o)
    0x20000068   0x00000058   Zero   RW          131    .bss                spi.o
    0x200000c0   0x0000011c   Zero   RW          170    .bss                usart.o
    0x200001dc   0x0000045c   Zero   RW          216    .bss                main.o
    0x20000638   0x00000060   Zero   RW          486    .bss                adc.o
    0x20000698   0x000000b8   Zero   RW          724    .bss                stm32l0xx_nucleo.o
    0x20000750   0x0000000c   Zero   RW         3134    .bss                ff_gen_drv.o
    0x2000075c   0x00000018   Zero   RW         3229    .bss                ff.o
    0x20000774   0x00000004   PAD
    0x20000778   0x00000200   Zero   RW          880    HEAP                startup_stm32l073xx.o
    0x20000978   0x00000400   Zero   RW          879    STACK               startup_stm32l073xx.o


==============================================================================

Image component sizes


      Code (inc. data)   RO Data    RW Data    ZI Data      Debug   Object Name

       192         30          0          0         96       1463   adc.o
       152         24          0          0          0       3429   diskio.o
        24          4          0          0          0        654   dma.o
        32         10          0          5          0       1274   fatfs.o
      6332        190        172          8         24      33395   ff.o
        74          4          0          0         12       1531   ff_gen_drv.o
       220         18          0          0          0     364071   gpio.o
       386         82          0          4       1116       9114   main.o
       192         14          0         21          0       3540   sd_diskio.o
       204         34          0          0         88       1889   spi.o
        28          8        192          0       1536        572   startup_stm32l073xx.o
      2294         62          5          4          0      10988   stm32_adafruit_sd.o
       122         24          0          4          0       3451   stm32l0xx_hal.o
       672         30          0          0          0       2831   stm32l0xx_hal_adc.o
       178         28          0          0          0      12055   stm32l0xx_hal_cortex.o
       904         16          0          0          0       2252   stm32l0xx_hal_dma.o
       672         66          0          0          0       4234   stm32l0xx_hal_gpio.o
        56          4          0          0          0        434   stm32l0xx_hal_msp.o
      1654        106          0          0          0       6160   stm32l0xx_hal_rcc.o
       404         14          0          0          0       1468   stm32l0xx_hal_rcc_ex.o
      1060          0          0          0          0       4713   stm32l0xx_hal_spi.o
      1252         78          0          0          0       4863   stm32l0xx_hal_uart.o
        64          6          0          0          0       2842   stm32l0xx_it.o
       432         46          0         20        184       5673   stm32l0xx_nucleo.o
        84         18         33          4          0       1127   system_stm32l0xx.o
       268         38          0          0        284       2066   usart.o
        44         12          0         21          0       2796   user_diskio.o
        20          6          0          0          0        449   user_functions.o

    ----------------------------------------------------------------------
     18042        972        436         96       3344     489334   Object Totals
         0          0         32          0          0          0   (incl. Generated)
        26          0          2          5          4          0   (incl. Padding)

    ----------------------------------------------------------------------

      Code (inc. data)   RO Data    RW Data    ZI Data      Debug   Library Member Name

         0          0          0          0          0          0   entry.o
         0          0          0          0          0          0   entry10a.o
         0          0          0          0          0          0   entry11a.o
         8          4          0          0          0          0   entry2.o
         4          0          0          0          0          0   entry5.o
         0          0          0          0          0          0   entry7b.o
         0          0          0          0          0          0   entry8b.o
         8          4          0          0          0          0   entry9a.o
        30          0          0          0          0          0   handlers.o
        36          8          0          0          0         68   init.o
         0          0          0          0          0          0   iusefp.o
        32          0          0          0          0         68   llshl.o
        38          0          0          0          0         68   llsshr.o
        34          0          0          0          0         68   llushr.o
       192         20          0          0          0        144   malloc.o
        36          0          0          0          0         60   memcpya.o
        36          0          0          0          0        100   memseta.o
         0          0          0          8          0          0   mvars.o
        44          0          0          0          0         72   uidiv.o
        20          0          0          0          0         60   uread4.o
       356          4          0          0          0        140   dadd.o
       240          6          0          0          0         84   ddiv.o
       236          0          0          0          0        216   depilogue.o
        60         10          0          0          0         68   dfixui.o
        28          4          0          0          0         68   dfltui.o
        28          6          0          0          0         68   dfltul.o
        44          0          0          0          0         72   dscalb.o

    ----------------------------------------------------------------------
      1514         66          0          8          0       1424   Library Totals
         4          0          0          0          0          0   (incl. Padding)

    ----------------------------------------------------------------------

      Code (inc. data)   RO Data    RW Data    ZI Data      Debug   Library Name

       518         36          0          8          0        708   mc_p.l
       992         30          0          0          0        716   mf_p.l

    ----------------------------------------------------------------------
      1514         66          0          8          0       1424   Library Totals

    ----------------------------------------------------------------------

==============================================================================


      Code (inc. data)   RO Data    RW Data    ZI Data      Debug   

     19556       1038        436        104       3344     484486   Grand Totals
     19556       1038        436        104       3344     484486   ELF Image Totals
     19556       1038        436        104          0          0   ROM Totals

==============================================================================

    Total RO  Size (Code + RO Data)                19992 (  19.52kB)
    Total RW  Size (RW Data + ZI Data)              3448 (   3.37kB)
    Total ROM Size (Code + RO Data + RW Data)      20096 (  19.63kB)

==============================================================================

