<html>
<body>
<pre>
<h1>µVision Build Log</h1>
<h2>Tool Versions:</h2>
IDE-Version: µVision V5.22.0.0
Copyright (C) 2016 ARM Ltd and ARM Germany GmbH. All rights reserved.
License Information: Zachary Asmussen, University of Colorado at Boulder, LIC=----
 
Tool Versions:
Toolchain:       MDK-Lite  Version: 5.22
Toolchain Path:  C:\Keil_v5\ARM\ARMCC\Bin
C Compiler:      Armcc.exe V5.06 update 4 (build 422)
Assembler:       Armasm.exe V5.06 update 4 (build 422)
Linker/Locator:  ArmLink.exe V5.06 update 4 (build 422)
Library Manager: ArmAr.exe V5.06 update 4 (build 422)
Hex Converter:   FromElf.exe V5.06 update 4 (build 422)
CPU DLL:         SARMCM3.DLL V5.22
Dialog DLL:      DARMCM1.DLL V1.15.0.0
Target DLL:      STLink\ST-LINKIII-KEIL_SWO.dll V2.0.18.0
Dialog DLL:      TARMCM1.DLL V1.11.0.0
 
<h2>Project:</h2>
C:\Users\zacas\OneDrive\Documents\Github\STM32L073_Firmware\Project\MDK-ARM\REX-B.uvprojx
Project File Date:  03/31/2017

<h2>Output:</h2>
*** Using Compiler 'V5.06 update 4 (build 422)', folder: 'C:\Keil_v5\ARM\ARMCC\Bin'
Build target 'REX-B'
compiling main.c...
../Src/main.c(96): warning:  #177-D: variable "data_A"  was declared but never referenced
  	uint8_t data_A = 'A';
../Src/main.c(97): warning:  #177-D: variable "data_Space"  was declared but never referenced
  	uint8_t data_Space = ' ';
../Src/main.c(98): warning:  #177-D: variable "data_r_n"  was declared but never referenced
  	uint8_t *data_r_n = "\n\r";
../Src/main.c(99): warning:  #177-D: variable "data_accel_x"  was declared but never referenced
  	uint8_t *data_accel_x = "Accelerometer X: \n\r";
../Src/main.c(124): warning:  #177-D: variable "adc"  was declared but never referenced
  	uint32_t adc;
../Src/main.c(126): warning:  #177-D: variable "place"  was declared but never referenced
  	uint32_t place = 0;
../Src/main.c: 6 warnings, 0 errors
linking...
Program Size: Code=8928 RO-data=260 RW-data=44 ZI-data=1516  
"REX-B\REX-B.axf" - 0 Error(s), 6 Warning(s).

<h2>Software Packages used:</h2>

Package Vendor: ARM
                http://www.keil.com/pack/ARM.CMSIS.5.0.0.pack
                ARM::CMSIS:CORE:5.0.0
                CMSIS (Cortex Microcontroller Software Interface Standard)
   * Component: CORE Version: 5.0.0

<h2>Collection of Component include folders:</h2>
  C:\Users\zacas\OneDrive\Documents\Github\STM32L073_Firmware\Project\MDK-ARM\RTE\_REX-B
  C:\Keil_v5\ARM\PACK\ARM\CMSIS\5.0.0\CMSIS\Include
  C:\Keil_v5\ARM\PACK\Keil\STM32L0xx_DFP\1.6.0\Device\Include

<h2>Collection of Component Files used:</h2>

   * Component: ARM::CMSIS:CORE:5.0.0
Build Time Elapsed:  00:00:02
</pre>
</body>
</html>
